<html>
<body>
<pre>
<h1>µVision Build Log</h1>
<h2>Project:</h2>
C:\Users\ize\Desktop\tubespbd\PBD.uvproj
Project File Date:  12/04/2013

<h2>Output:</h2>
Build target 'PBD'
compiling pbd.c...
compiling LCD_Driver.c...
compiling Ascii_Table.C...
compiling Seven_Segment.c...
compiling core_cm0.c...
compiling system_NUC1xx.c...
assembling startup_NUC1xx.s...
compiling DrvSPI.c...
compiling DrvSYS.c...
compiling DrvUART.c...
compiling DrvGPIO.c...
compiling retarget.c...
linking...
Program Size: Code=3952 RO-data=224 RW-data=1616 ZI-data=1200  
User command #1: fromelf --bin ".\obj\PBD.axf" --output ".\obj\PBD.bin"
User command #2: fromelf --text -c ".\obj\PBD.axf" --output ".\obj\PBD.txt"
".\obj\PBD.axf" - 0 Error(s), 0 Warning(s).
Load "C:\\Users\\ize\\Desktop\\tubespbd\\obj\\PBD.AXF" 
Internal DLL Error
Build target 'PBD'
linking...
Program Size: Code=3952 RO-data=224 RW-data=1616 ZI-data=1200  
User command #1: fromelf --bin ".\obj\PBD.axf" --output ".\obj\PBD.bin"
User command #2: fromelf --text -c ".\obj\PBD.axf" --output ".\obj\PBD.txt"
".\obj\PBD.axf" - 0 Error(s), 0 Warning(s).
Load "C:\\Users\\ize\\Desktop\\tubespbd\\obj\\PBD.AXF" 
Internal DLL Error
Build target 'PBD'
linking...
Program Size: Code=3952 RO-data=224 RW-data=1616 ZI-data=1200  
User command #1: fromelf --bin ".\obj\PBD.axf" --output ".\obj\PBD.bin"
User command #2: fromelf --text -c ".\obj\PBD.axf" --output ".\obj\PBD.txt"
".\obj\PBD.axf" - 0 Error(s), 0 Warning(s).
Load "C:\\Users\\ize\\Desktop\\tubespbd\\obj\\PBD.AXF" 
Build target 'PBD'
compiling pbd.c...
compiling Seven_Segment.c...
linking...
Program Size: Code=3952 RO-data=224 RW-data=1620 ZI-data=1204  
User command #1: fromelf --bin ".\obj\PBD.axf" --output ".\obj\PBD.bin"
User command #2: fromelf --text -c ".\obj\PBD.axf" --output ".\obj\PBD.txt"
".\obj\PBD.axf" - 0 Error(s), 0 Warning(s).
Load "C:\\Users\\ize\\Desktop\\tubespbd\\obj\\PBD.AXF" 
Build target 'PBD'
compiling Seven_Segment.c...
linking...
Program Size: Code=3952 RO-data=224 RW-data=1620 ZI-data=1204  
User command #1: fromelf --bin ".\obj\PBD.axf" --output ".\obj\PBD.bin"
User command #2: fromelf --text -c ".\obj\PBD.axf" --output ".\obj\PBD.txt"
".\obj\PBD.axf" - 0 Error(s), 0 Warning(s).
Load "C:\\Users\\ize\\Desktop\\tubespbd\\obj\\PBD.AXF" 
Build target 'PBD'
compiling Seven_Segment.c...
linking...
Program Size: Code=3952 RO-data=224 RW-data=1620 ZI-data=1204  
User command #1: fromelf --bin ".\obj\PBD.axf" --output ".\obj\PBD.bin"
User command #2: fromelf --text -c ".\obj\PBD.axf" --output ".\obj\PBD.txt"
".\obj\PBD.axf" - 0 Error(s), 0 Warning(s).
Load "C:\\Users\\ize\\Desktop\\tubespbd\\obj\\PBD.AXF" 
