ARM Linker, 4.1 [Build 644] [Evaluation]

==============================================================================

Small function inlining results

Inlined function __aeabi_idiv0 from aeabi_idiv0.o at offset 0x154 in aeabi_sdiv.o(.text).
Inlined Instruction: BX       lr
Inlined function __aeabi_idiv0 from aeabi_idiv0.o at offset 0x154 in aeabi_sdiv_div0.o(.text).
Inlined Instruction: BX       lr
Inlined function _platform_pre_stackheap_init from boardinit1.o at offset 0x0 in rtentry2.o(.ARM.Collect$$rtentry$$00000001).
Inlined Instruction: BX       lr
Inlined function _fp_init from fpinit.o at offset 0x2 in libinit.o(.ARM.Collect$$libinit$$00000000).
Inlined Instruction: BX       lr
Inlined function _platform_pre_lib_shutdown from boardshut.o at offset 0x0 in rtexit2.o(.ARM.Collect$$rtexit$$00000001).
Inlined Instruction: BX       lr
Inlined function __ARM_get_argv from no_argv.o at offset 0x2 in argv_veneer.o(.text).
Inlined Instruction: BX       lr
Inlined total of 6 calls.

==============================================================================

Memory Map of the image

  Image Entry point : 0x00000169

  Load Region LR_1 (Base: 0x00000000, Size: 0x0000107c, Max: 0xffffffff, ABSOLUTE)

    Execution Region ER_RO (Base: 0x00000000, Size: 0x00001018, Max: 0xffffffff, ABSOLUTE)

    Base Addr    Size         Type   Attr      Idx    E Section Name        Object

    0x00000000   0x000000c0   Data   RO          276    RESET               startup_nuc1xx.o
    0x000000c0   0x00000008   Code   RO         1397  * !!!main             c_p.l(__main.o)
    0x000000c8   0x0000003c   Code   RO         1564    !!!scatter          c_p.l(__scatter.o)
    0x00000104   0x0000001a   Code   RO         1566    !!handler_copy      c_p.l(__scatter_copy.o)
    0x0000011e   0x00000002   PAD
    0x00000120   0x0000001c   Code   RO         1568    !!handler_zi        c_p.l(__scatter_zi.o)
    0x0000013c   0x00000006   Code   RO         1440    .ARM.Collect$$libinit$$00000000  c_p.l(libinit.o)
    0x00000142   0x00000000   Code   RO         1455    .ARM.Collect$$libinit$$00000006  c_p.l(libinit2.o)
    0x00000142   0x00000000   Code   RO         1457    .ARM.Collect$$libinit$$00000008  c_p.l(libinit2.o)
    0x00000142   0x00000000   Code   RO         1459    .ARM.Collect$$libinit$$0000000A  c_p.l(libinit2.o)
    0x00000142   0x00000000   Code   RO         1462    .ARM.Collect$$libinit$$0000000D  c_p.l(libinit2.o)
    0x00000142   0x00000000   Code   RO         1464    .ARM.Collect$$libinit$$0000000F  c_p.l(libinit2.o)
    0x00000142   0x00000000   Code   RO         1466    .ARM.Collect$$libinit$$00000011  c_p.l(libinit2.o)
    0x00000142   0x00000000   Code   RO         1468    .ARM.Collect$$libinit$$00000013  c_p.l(libinit2.o)
    0x00000142   0x00000000   Code   RO         1470    .ARM.Collect$$libinit$$00000015  c_p.l(libinit2.o)
    0x00000142   0x00000000   Code   RO         1472    .ARM.Collect$$libinit$$00000017  c_p.l(libinit2.o)
    0x00000142   0x00000000   Code   RO         1474    .ARM.Collect$$libinit$$00000019  c_p.l(libinit2.o)
    0x00000142   0x00000000   Code   RO         1476    .ARM.Collect$$libinit$$0000001B  c_p.l(libinit2.o)
    0x00000142   0x00000000   Code   RO         1478    .ARM.Collect$$libinit$$0000001D  c_p.l(libinit2.o)
    0x00000142   0x00000000   Code   RO         1480    .ARM.Collect$$libinit$$0000001F  c_p.l(libinit2.o)
    0x00000142   0x00000000   Code   RO         1482    .ARM.Collect$$libinit$$00000021  c_p.l(libinit2.o)
    0x00000142   0x00000000   Code   RO         1486    .ARM.Collect$$libinit$$00000028  c_p.l(libinit2.o)
    0x00000142   0x00000000   Code   RO         1488    .ARM.Collect$$libinit$$0000002A  c_p.l(libinit2.o)
    0x00000142   0x00000000   Code   RO         1490    .ARM.Collect$$libinit$$0000002C  c_p.l(libinit2.o)
    0x00000142   0x00000000   Code   RO         1492    .ARM.Collect$$libinit$$0000002E  c_p.l(libinit2.o)
    0x00000142   0x00000002   Code   RO         1493    .ARM.Collect$$libinit$$0000002F  c_p.l(libinit2.o)
    0x00000144   0x00000002   Code   RO         1522    .ARM.Collect$$libshutdown$$00000000  c_p.l(libshutdown.o)
    0x00000146   0x00000000   Code   RO         1549    .ARM.Collect$$libshutdown$$00000003  c_p.l(libshutdown2.o)
    0x00000146   0x00000000   Code   RO         1552    .ARM.Collect$$libshutdown$$00000006  c_p.l(libshutdown2.o)
    0x00000146   0x00000000   Code   RO         1555    .ARM.Collect$$libshutdown$$00000009  c_p.l(libshutdown2.o)
    0x00000146   0x00000000   Code   RO         1557    .ARM.Collect$$libshutdown$$0000000B  c_p.l(libshutdown2.o)
    0x00000146   0x00000000   Code   RO         1560    .ARM.Collect$$libshutdown$$0000000E  c_p.l(libshutdown2.o)
    0x00000146   0x00000002   Code   RO         1561    .ARM.Collect$$libshutdown$$0000000F  c_p.l(libshutdown2.o)
    0x00000148   0x00000000   Code   RO         1399    .ARM.Collect$$rtentry$$00000000  c_p.l(rtentry.o)
    0x00000148   0x00000000   Code   RO         1406    .ARM.Collect$$rtentry$$00000002  c_p.l(rtentry2.o)
    0x00000148   0x00000006   Code   RO         1421    .ARM.Collect$$rtentry$$00000004  c_p.l(rtentry4.o)
    0x0000014e   0x00000000   Code   RO         1408    .ARM.Collect$$rtentry$$00000009  c_p.l(rtentry2.o)
    0x0000014e   0x00000004   Code   RO         1409    .ARM.Collect$$rtentry$$0000000A  c_p.l(rtentry2.o)
    0x00000152   0x00000000   Code   RO         1411    .ARM.Collect$$rtentry$$0000000C  c_p.l(rtentry2.o)
    0x00000152   0x00000008   Code   RO         1412    .ARM.Collect$$rtentry$$0000000D  c_p.l(rtentry2.o)
    0x0000015a   0x00000002   Code   RO         1445    .ARM.Collect$$rtexit$$00000000  c_p.l(rtexit.o)
    0x0000015c   0x00000000   Code   RO         1499    .ARM.Collect$$rtexit$$00000002  c_p.l(rtexit2.o)
    0x0000015c   0x00000004   Code   RO         1500    .ARM.Collect$$rtexit$$00000003  c_p.l(rtexit2.o)
    0x00000160   0x00000006   Code   RO         1501    .ARM.Collect$$rtexit$$00000004  c_p.l(rtexit2.o)
    0x00000166   0x00000002   PAD
    0x00000168   0x00000064   Code   RO          277  * .text               startup_nuc1xx.o
    0x000001cc   0x0000015a   Code   RO         1391    .text               c_p.l(aeabi_sdiv.o)
    0x00000326   0x00000006   Code   RO         1395    .text               c_p.l(heapauxi.o)
    0x0000032c   0x0000003e   Code   RO         1425    .text               c_p.l(sys_stackheap_outer.o)
    0x0000036a   0x0000000c   Code   RO         1428    .text               c_p.l(exit.o)
    0x00000376   0x00000002   PAD
    0x00000378   0x00000008   Code   RO         1441    .text               c_p.l(libspace.o)
    0x00000380   0x0000000c   Code   RO         1496    .text               c_p.l(sys_exit.o)
    0x0000038c   0x00000002   Code   RO         1512    .text               c_p.l(use_no_semi.o)
    0x0000038e   0x00000002   PAD
    0x00000390   0x0000002c   Code   RO          638    i.BOD_IRQHandler    drvsys.o
    0x000003bc   0x0000002c   Code   RO         1089    i.DrvGPIO_ClrBit    drvgpio.o
    0x000003e8   0x00000028   Code   RO         1102    i.DrvGPIO_GetBit    drvgpio.o
    0x00000410   0x00000078   Code   RO         1112    i.DrvGPIO_Open      drvgpio.o
    0x00000488   0x0000002c   Code   RO         1113    i.DrvGPIO_SetBit    drvgpio.o
    0x000004b4   0x00000038   Code   RO          670    i.DrvSYS_SelectHCLKSource  drvsys.o
    0x000004ec   0x00000088   Code   RO          675    i.DrvSYS_SetClockDivider  drvsys.o
    0x00000574   0x00000080   Code   RO          678    i.DrvSYS_SetOscCtrl  drvsys.o
    0x000005f4   0x00000024   Code   RO         1119    i.EINT0_IRQHandler  drvgpio.o
    0x00000618   0x00000024   Code   RO         1120    i.EINT1_IRQHandler  drvgpio.o
    0x0000063c   0x00000040   Code   RO         1121    i.GPAB_IRQHandler   drvgpio.o
    0x0000067c   0x00000040   Code   RO         1122    i.GPCDE_IRQHandler  drvgpio.o
    0x000006bc   0x00000214   Code   RO           77    i.Initial_pannel    lcd_driver.o
    0x000008d0   0x0000001a   Code   RO          200    i.OpenKeyPad        scankey.o
    0x000008ea   0x00000002   PAD
    0x000008ec   0x00000028   Code   RO          686    i.PWRWU_IRQHandler  drvsys.o
    0x00000914   0x00000064   Code   RO          334    i.SPI0_IRQHandler   drvspi.o
    0x00000978   0x00000064   Code   RO          335    i.SPI1_IRQHandler   drvspi.o
    0x000009dc   0x00000064   Code   RO          336    i.SPI2_IRQHandler   drvspi.o
    0x00000a40   0x00000064   Code   RO          337    i.SPI3_IRQHandler   drvspi.o
    0x00000aa4   0x00000084   Code   RO          201    i.Scankey           scankey.o
    0x00000b28   0x000000f4   Code   RO           78    i.SetPACA           lcd_driver.o
    0x00000c1c   0x00000024   Code   RO           80    i.SysTimerDelay     lcd_driver.o
    0x00000c40   0x000000a0   Code   RO          244    i.SystemCoreClockUpdate  system_nuc1xx.o
    0x00000ce0   0x00000002   Code   RO          245    i.SystemInit        system_nuc1xx.o
    0x00000ce2   0x00000002   PAD
    0x00000ce4   0x00000070   Code   RO            1    i.TMR0_IRQHandler   pbd.o
    0x00000d54   0x000000b4   Code   RO            2    i.Timer_initial     pbd.o
    0x00000e08   0x0000003c   Code   RO          966    i.UART02_IRQHandler  drvuart.o
    0x00000e44   0x00000020   Code   RO          967    i.UART1_IRQHandler  drvuart.o
    0x00000e64   0x00000058   Code   RO           81    i.WriteData         lcd_driver.o
    0x00000ebc   0x00000024   Code   RO          169    i.close_seven_segment  seven_segment.o
    0x00000ee0   0x00000028   Code   RO           82    i.clr_all_pannal    lcd_driver.o
    0x00000f08   0x00000010   Code   RO          202    i.delay             scankey.o
    0x00000f18   0x0000001c   Code   RO            3    i.delay_loop        pbd.o
    0x00000f34   0x00000080   Code   RO            4    i.main              pbd.o
    0x00000fb4   0x00000040   Code   RO          170    i.show_seven_segment  seven_segment.o
    0x00000ff4   0x00000004   Data   RO          203    .constdata          scankey.o
    0x00000ff8   0x00000020   Data   RO         1562    Region$$Table       anon$$obj.o


    Execution Region ER_RW (Base: 0x20000000, Size: 0x00000064, Max: 0xffffffff, ABSOLUTE)

    Base Addr    Size         Type   Attr      Idx    E Section Name        Object

    0x20000000   0x00000002   Data   RW            5    .data               pbd.o
    0x20000002   0x00000002   PAD
    0x20000004   0x00000010   Data   RW           84    .data               lcd_driver.o
    0x20000014   0x00000010   Data   RW          171    .data               seven_segment.o
    0x20000024   0x0000001c   Data   RW          246    .data               system_nuc1xx.o
    0x20000040   0x00000008   Data   RW          688    .data               drvsys.o
    0x20000048   0x0000000c   Data   RW          968    .data               drvuart.o
    0x20000054   0x00000010   Data   RW         1126    .data               drvgpio.o


    Execution Region ER_ZI (Base: 0x20000064, Size: 0x000004b4, Max: 0xffffffff, ABSOLUTE)

    Base Addr    Size         Type   Attr      Idx    E Section Name        Object

    0x20000064   0x00000050   Zero   RW          338    .bss                drvspi.o
    0x200000b4   0x00000060   Zero   RW         1442    .bss                c_p.l(libspace.o)
    0x20000114   0x00000004   PAD
    0x20000118   0x00000000   Zero   RW          275    HEAP                startup_nuc1xx.o
    0x20000118   0x00000400   Zero   RW          274    STACK               startup_nuc1xx.o


==============================================================================

Image component sizes


      Code (inc. data)   RO Data    RW Data    ZI Data      Debug   Object Name

         0          0          0          0          0         32   core_cm0.o
       448         92          0         16          0       9453   drvgpio.o
       400         32          0          0         80       4044   drvspi.o
       404         46          0          8          0       5231   drvsys.o
        92         24          0         12          0       4335   drvuart.o
       940         44          0         16          0     120999   lcd_driver.o
       448         64          0          2          0     131730   pbd.o
       174          6          4          0          0       1423   scankey.o
       100          4          0         16          0     119853   seven_segment.o
       100         46        192          0       1024        640   startup_nuc1xx.o
       162         30          0         28          0       1618   system_nuc1xx.o

    ----------------------------------------------------------------------
      3272        388        228        100       1104     399358   Object Totals
         0          0         32          0          0          0   (incl. Generated)
         4          0          0          2          0          2   (incl. Padding)

    ----------------------------------------------------------------------

      Code (inc. data)   RO Data    RW Data    ZI Data      Debug   Library Member Name

         8          0          0          0          0         68   __main.o
        60          8          0          0          0          0   __scatter.o
        26          0          0          0          0          0   __scatter_copy.o
        28          0          0          0          0          0   __scatter_zi.o
       346          0          0          0          0         92   aeabi_sdiv.o
        12          0          0          0          0         60   exit.o
         6          0          0          0          0        136   heapauxi.o
         6          0          0          0          0          0   libinit.o
         2          0          0          0          0          0   libinit2.o
         2          0          0          0          0          0   libshutdown.o
         2          0          0          0          0          0   libshutdown2.o
         8          4          0          0         96         68   libspace.o
         0          0          0          0          0          0   rtentry.o
        12          0          0          0          0          0   rtentry2.o
         6          0          0          0          0          0   rtentry4.o
         2          0          0          0          0          0   rtexit.o
        10          0          0          0          0          0   rtexit2.o
        12          4          0          0          0         60   sys_exit.o
        62          0          0          0          0         80   sys_stackheap_outer.o
         2          0          0          0          0         68   use_no_semi.o

    ----------------------------------------------------------------------
       620         16          0          0        100        632   Library Totals
         8          0          0          0          4          0   (incl. Padding)

    ----------------------------------------------------------------------

      Code (inc. data)   RO Data    RW Data    ZI Data      Debug   Library Name

       612         16          0          0         96        632   c_p.l

    ----------------------------------------------------------------------
       620         16          0          0        100        632   Library Totals

    ----------------------------------------------------------------------

==============================================================================


      Code (inc. data)   RO Data    RW Data    ZI Data      Debug   

      3892        404        228        100       1204     398236   Grand Totals
      3892        404        228        100       1204     398236   ELF Image Totals
      3892        404        228        100          0          0   ROM Totals

==============================================================================

    Total RO  Size (Code + RO Data)                 4120 (   4.02kB)
    Total RW  Size (RW Data + ZI Data)              1304 (   1.27kB)
    Total ROM Size (Code + RO Data + RW Data)       4220 (   4.12kB)

==============================================================================

