ARM Linker, 4.1 [Build 644] [Evaluation]

==============================================================================

Small function inlining results

Inlined function __aeabi_idiv0 from aeabi_idiv0.o at offset 0x154 in aeabi_sdiv.o(.text).
Inlined Instruction: BX       lr
Inlined function __aeabi_idiv0 from aeabi_idiv0.o at offset 0x154 in aeabi_sdiv_div0.o(.text).
Inlined Instruction: BX       lr
Inlined function _platform_pre_stackheap_init from boardinit1.o at offset 0x0 in rtentry2.o(.ARM.Collect$$rtentry$$00000001).
Inlined Instruction: BX       lr
Inlined function _fp_init from fpinit.o at offset 0x2 in libinit.o(.ARM.Collect$$libinit$$00000000).
Inlined Instruction: BX       lr
Inlined function _platform_pre_lib_shutdown from boardshut.o at offset 0x0 in rtexit2.o(.ARM.Collect$$rtexit$$00000001).
Inlined Instruction: BX       lr
Inlined function __ARM_get_argv from no_argv.o at offset 0x2 in argv_veneer.o(.text).
Inlined Instruction: BX       lr
Inlined total of 6 calls.

==============================================================================

Memory Map of the image

  Image Entry point : 0x0000018d

  Load Region LR_1 (Base: 0x00000000, Size: 0x00002fd4, Max: 0xffffffff, ABSOLUTE)

    Execution Region ER_RO (Base: 0x00000000, Size: 0x00002968, Max: 0xffffffff, ABSOLUTE)

    Base Addr    Size         Type   Attr      Idx    E Section Name        Object

    0x00000000   0x000000c0   Data   RO          326    RESET               startup_nuc1xx.o
    0x000000c0   0x00000008   Code   RO         1659  * !!!main             c_p.l(__main.o)
    0x000000c8   0x0000003c   Code   RO         1837    !!!scatter          c_p.l(__scatter.o)
    0x00000104   0x0000001a   Code   RO         1839    !!handler_copy      c_p.l(__scatter_copy.o)
    0x0000011e   0x00000002   PAD
    0x00000120   0x0000001c   Code   RO         1841    !!handler_zi        c_p.l(__scatter_zi.o)
    0x0000013c   0x00000002   Code   RO         1652    .ARM.Collect$$_printf_percent$$00000000  c_p.l(_printf_percent.o)
    0x0000013e   0x0000000a   Code   RO         1651    .ARM.Collect$$_printf_percent$$0000000C  c_p.l(_printf_x.o)
    0x00000148   0x0000000a   Code   RO         1649    .ARM.Collect$$_printf_percent$$00000013  c_p.l(_printf_c.o)
    0x00000152   0x0000000a   Code   RO         1650    .ARM.Collect$$_printf_percent$$00000014  c_p.l(_printf_s.o)
    0x0000015c   0x00000004   Code   RO         1675    .ARM.Collect$$_printf_percent$$00000017  c_p.l(_printf_percent_end.o)
    0x00000160   0x00000006   Code   RO         1713    .ARM.Collect$$libinit$$00000000  c_p.l(libinit.o)
    0x00000166   0x00000000   Code   RO         1728    .ARM.Collect$$libinit$$00000006  c_p.l(libinit2.o)
    0x00000166   0x00000000   Code   RO         1730    .ARM.Collect$$libinit$$00000008  c_p.l(libinit2.o)
    0x00000166   0x00000000   Code   RO         1732    .ARM.Collect$$libinit$$0000000A  c_p.l(libinit2.o)
    0x00000166   0x00000000   Code   RO         1735    .ARM.Collect$$libinit$$0000000D  c_p.l(libinit2.o)
    0x00000166   0x00000000   Code   RO         1737    .ARM.Collect$$libinit$$0000000F  c_p.l(libinit2.o)
    0x00000166   0x00000000   Code   RO         1739    .ARM.Collect$$libinit$$00000011  c_p.l(libinit2.o)
    0x00000166   0x00000000   Code   RO         1741    .ARM.Collect$$libinit$$00000013  c_p.l(libinit2.o)
    0x00000166   0x00000000   Code   RO         1743    .ARM.Collect$$libinit$$00000015  c_p.l(libinit2.o)
    0x00000166   0x00000000   Code   RO         1745    .ARM.Collect$$libinit$$00000017  c_p.l(libinit2.o)
    0x00000166   0x00000000   Code   RO         1747    .ARM.Collect$$libinit$$00000019  c_p.l(libinit2.o)
    0x00000166   0x00000000   Code   RO         1749    .ARM.Collect$$libinit$$0000001B  c_p.l(libinit2.o)
    0x00000166   0x00000000   Code   RO         1751    .ARM.Collect$$libinit$$0000001D  c_p.l(libinit2.o)
    0x00000166   0x00000000   Code   RO         1753    .ARM.Collect$$libinit$$0000001F  c_p.l(libinit2.o)
    0x00000166   0x00000000   Code   RO         1755    .ARM.Collect$$libinit$$00000021  c_p.l(libinit2.o)
    0x00000166   0x00000000   Code   RO         1759    .ARM.Collect$$libinit$$00000028  c_p.l(libinit2.o)
    0x00000166   0x00000000   Code   RO         1761    .ARM.Collect$$libinit$$0000002A  c_p.l(libinit2.o)
    0x00000166   0x00000000   Code   RO         1763    .ARM.Collect$$libinit$$0000002C  c_p.l(libinit2.o)
    0x00000166   0x00000000   Code   RO         1765    .ARM.Collect$$libinit$$0000002E  c_p.l(libinit2.o)
    0x00000166   0x00000002   Code   RO         1766    .ARM.Collect$$libinit$$0000002F  c_p.l(libinit2.o)
    0x00000168   0x00000002   Code   RO         1795    .ARM.Collect$$libshutdown$$00000000  c_p.l(libshutdown.o)
    0x0000016a   0x00000000   Code   RO         1822    .ARM.Collect$$libshutdown$$00000003  c_p.l(libshutdown2.o)
    0x0000016a   0x00000000   Code   RO         1825    .ARM.Collect$$libshutdown$$00000006  c_p.l(libshutdown2.o)
    0x0000016a   0x00000000   Code   RO         1828    .ARM.Collect$$libshutdown$$00000009  c_p.l(libshutdown2.o)
    0x0000016a   0x00000000   Code   RO         1830    .ARM.Collect$$libshutdown$$0000000B  c_p.l(libshutdown2.o)
    0x0000016a   0x00000000   Code   RO         1833    .ARM.Collect$$libshutdown$$0000000E  c_p.l(libshutdown2.o)
    0x0000016a   0x00000002   Code   RO         1834    .ARM.Collect$$libshutdown$$0000000F  c_p.l(libshutdown2.o)
    0x0000016c   0x00000000   Code   RO         1661    .ARM.Collect$$rtentry$$00000000  c_p.l(rtentry.o)
    0x0000016c   0x00000000   Code   RO         1677    .ARM.Collect$$rtentry$$00000002  c_p.l(rtentry2.o)
    0x0000016c   0x00000006   Code   RO         1692    .ARM.Collect$$rtentry$$00000004  c_p.l(rtentry4.o)
    0x00000172   0x00000000   Code   RO         1679    .ARM.Collect$$rtentry$$00000009  c_p.l(rtentry2.o)
    0x00000172   0x00000004   Code   RO         1680    .ARM.Collect$$rtentry$$0000000A  c_p.l(rtentry2.o)
    0x00000176   0x00000000   Code   RO         1682    .ARM.Collect$$rtentry$$0000000C  c_p.l(rtentry2.o)
    0x00000176   0x00000008   Code   RO         1683    .ARM.Collect$$rtentry$$0000000D  c_p.l(rtentry2.o)
    0x0000017e   0x00000002   Code   RO         1718    .ARM.Collect$$rtexit$$00000000  c_p.l(rtexit.o)
    0x00000180   0x00000000   Code   RO         1772    .ARM.Collect$$rtexit$$00000002  c_p.l(rtexit2.o)
    0x00000180   0x00000004   Code   RO         1773    .ARM.Collect$$rtexit$$00000003  c_p.l(rtexit2.o)
    0x00000184   0x00000006   Code   RO         1774    .ARM.Collect$$rtexit$$00000004  c_p.l(rtexit2.o)
    0x0000018a   0x00000002   PAD
    0x0000018c   0x00000064   Code   RO          327  * .text               startup_nuc1xx.o
    0x000001f0   0x00000028   Code   RO         1602    .text               c_p.l(noretval__2sprintf.o)
    0x00000218   0x00000052   Code   RO         1606    .text               c_p.l(_printf_str.o)
    0x0000026a   0x00000002   PAD
    0x0000026c   0x00000058   Code   RO         1611    .text               c_p.l(_printf_hex_int.o)
    0x000002c4   0x00000110   Code   RO         1637    .text               c_p.l(__printf_wp.o)
    0x000003d4   0x0000015a   Code   RO         1653    .text               c_p.l(aeabi_sdiv.o)
    0x0000052e   0x00000006   Code   RO         1657    .text               c_p.l(heapauxi.o)
    0x00000534   0x000000ac   Code   RO         1667    .text               c_p.l(_printf_intcommon.o)
    0x000005e0   0x00000030   Code   RO         1669    .text               c_p.l(_printf_char_common.o)
    0x00000610   0x0000000a   Code   RO         1671    .text               c_p.l(_sputc.o)
    0x0000061a   0x0000002e   Code   RO         1673    .text               c_p.l(_printf_char.o)
    0x00000648   0x0000003e   Code   RO         1698    .text               c_p.l(sys_stackheap_outer.o)
    0x00000686   0x0000000c   Code   RO         1701    .text               c_p.l(exit.o)
    0x00000692   0x00000002   PAD
    0x00000694   0x00000008   Code   RO         1714    .text               c_p.l(libspace.o)
    0x0000069c   0x0000000c   Code   RO         1769    .text               c_p.l(sys_exit.o)
    0x000006a8   0x00000002   Code   RO         1785    .text               c_p.l(use_no_semi.o)
    0x000006aa   0x00000002   PAD
    0x000006ac   0x0000002c   Code   RO          688    i.BOD_IRQHandler    drvsys.o
    0x000006d8   0x0000002c   Code   RO         1140    i.DrvGPIO_ClrBit    drvgpio.o
    0x00000704   0x00000028   Code   RO         1153    i.DrvGPIO_GetBit    drvgpio.o
    0x0000072c   0x000006a8   Code   RO         1162    i.DrvGPIO_InitFunction  drvgpio.o
    0x00000dd4   0x00000078   Code   RO         1163    i.DrvGPIO_Open      drvgpio.o
    0x00000e4c   0x0000002c   Code   RO         1164    i.DrvGPIO_SetBit    drvgpio.o
    0x00000e78   0x00000088   Code   RO         1447    i.DrvI2C_Close      drvi2c.o
    0x00000f00   0x00000054   Code   RO         1448    i.DrvI2C_Ctrl       drvi2c.o
    0x00000f54   0x000000c0   Code   RO         1456    i.DrvI2C_Open       drvi2c.o
    0x00001014   0x00000070   Code   RO          707    i.DrvSYS_GetHCLKFreq  drvsys.o
    0x00001084   0x00000078   Code   RO          708    i.DrvSYS_GetPLLClockFreq  drvsys.o
    0x000010fc   0x00000038   Code   RO          720    i.DrvSYS_SelectHCLKSource  drvsys.o
    0x00001134   0x00000088   Code   RO          725    i.DrvSYS_SetClockDivider  drvsys.o
    0x000011bc   0x00000080   Code   RO          728    i.DrvSYS_SetOscCtrl  drvsys.o
    0x0000123c   0x00000024   Code   RO         1170    i.EINT0_IRQHandler  drvgpio.o
    0x00001260   0x00000024   Code   RO         1171    i.EINT1_IRQHandler  drvgpio.o
    0x00001284   0x00000040   Code   RO         1172    i.GPAB_IRQHandler   drvgpio.o
    0x000012c4   0x00000040   Code   RO         1173    i.GPCDE_IRQHandler  drvgpio.o
    0x00001304   0x00000078   Code   RO         1464    i.I2C0_IRQHandler   drvi2c.o
    0x0000137c   0x00000078   Code   RO         1465    i.I2C1_IRQHandler   drvi2c.o
    0x000013f4   0x00000214   Code   RO          115    i.Initial_pannel    lcd_driver.o
    0x00001608   0x0000001a   Code   RO          232    i.OpenKeyPad        scankey.o
    0x00001622   0x00000002   PAD
    0x00001624   0x00000028   Code   RO          736    i.PWRWU_IRQHandler  drvsys.o
    0x0000164c   0x0000012c   Code   RO          262    i.Read_24LC64       eeprom_24lc64.o
    0x00001778   0x00000064   Code   RO          384    i.SPI0_IRQHandler   drvspi.o
    0x000017dc   0x00000064   Code   RO          385    i.SPI1_IRQHandler   drvspi.o
    0x00001840   0x00000064   Code   RO          386    i.SPI2_IRQHandler   drvspi.o
    0x000018a4   0x00000064   Code   RO          387    i.SPI3_IRQHandler   drvspi.o
    0x00001908   0x00000084   Code   RO          233    i.Scankey           scankey.o
    0x0000198c   0x000000f4   Code   RO          116    i.SetPACA           lcd_driver.o
    0x00001a80   0x00000078   Code   RO          117    i.Show_Word         lcd_driver.o
    0x00001af8   0x00000024   Code   RO          118    i.SysTimerDelay     lcd_driver.o
    0x00001b1c   0x000000a0   Code   RO          294    i.SystemCoreClockUpdate  system_nuc1xx.o
    0x00001bbc   0x00000002   Code   RO          295    i.SystemInit        system_nuc1xx.o
    0x00001bbe   0x00000002   PAD
    0x00001bc0   0x0000007c   Code   RO            1    i.TMR0_IRQHandler   pbd.o
    0x00001c3c   0x000000b4   Code   RO            2    i.Timer_initial     pbd.o
    0x00001cf0   0x0000003c   Code   RO         1017    i.UART02_IRQHandler  drvuart.o
    0x00001d2c   0x00000020   Code   RO         1018    i.UART1_IRQHandler  drvuart.o
    0x00001d4c   0x00000058   Code   RO          119    i.WriteData         lcd_driver.o
    0x00001da4   0x0000010c   Code   RO          263    i.Write_24LC64      eeprom_24lc64.o
    0x00001eb0   0x0000001c   Code   RO           67    i.__ARM_common_switch8  pbd.o
    0x00001ecc   0x0000000e   Code   RO         1639    i._is_digit         c_p.l(__printf_wp.o)
    0x00001eda   0x00000024   Code   RO          207    i.close_seven_segment  seven_segment.o
    0x00001efe   0x00000028   Code   RO          120    i.clr_all_pannal    lcd_driver.o
    0x00001f26   0x00000010   Code   RO          234    i.delay             scankey.o
    0x00001f36   0x00000002   PAD
    0x00001f38   0x00000014   Code   RO            3    i.delay_loop        pbd.o
    0x00001f4c   0x000000ac   Code   RO            4    i.main              pbd.o
    0x00001ff8   0x00000028   Code   RO            5    i.next_position     pbd.o
    0x00002020   0x00000030   Code   RO            6    i.prev_position     pbd.o
    0x00002050   0x00000028   Code   RO          121    i.print_lcd         lcd_driver.o
    0x00002078   0x000002b8   Code   RO            7    i.process_keypress  pbd.o
    0x00002330   0x00000538   Code   RO            8    i.read_memory       pbd.o
    0x00002868   0x00000012   Code   RO            9    i.reset_memory      pbd.o
    0x0000287a   0x00000002   PAD
    0x0000287c   0x00000040   Code   RO          208    i.show_seven_segment  seven_segment.o
    0x000028bc   0x00000050   Code   RO           10    i.write_memory      pbd.o
    0x0000290c   0x00000004   Data   RO          235    .constdata          scankey.o
    0x00002910   0x00000010   Data   RO          737    .constdata          drvsys.o
    0x00002920   0x00000028   Data   RO         1612    .constdata          c_p.l(_printf_hex_int.o)
    0x00002948   0x00000020   Data   RO         1835    Region$$Table       anon$$obj.o


    Execution Region ER_RW (Base: 0x20000000, Size: 0x0000066c, Max: 0xffffffff, ABSOLUTE)

    Base Addr    Size         Type   Attr      Idx    E Section Name        Object

    0x20000000   0x00000018   Data   RW           11    .data               pbd.o
    0x20000018   0x00000010   Data   RW          122    .data               lcd_driver.o
    0x20000028   0x000005f0   Data   RW          200    .data               ascii_table.o
    0x20000618   0x00000011   Data   RW          209    .data               seven_segment.o
    0x20000629   0x00000003   PAD
    0x2000062c   0x0000001c   Data   RW          296    .data               system_nuc1xx.o
    0x20000648   0x00000008   Data   RW          738    .data               drvsys.o
    0x20000650   0x0000000c   Data   RW         1019    .data               drvuart.o
    0x2000065c   0x00000010   Data   RW         1177    .data               drvgpio.o


    Execution Region ER_ZI (Base: 0x2000066c, Size: 0x000004d4, Max: 0xffffffff, ABSOLUTE)

    Base Addr    Size         Type   Attr      Idx    E Section Name        Object

    0x2000066c   0x00000050   Zero   RW          388    .bss                drvspi.o
    0x200006bc   0x00000020   Zero   RW         1469    .bss                drvi2c.o
    0x200006dc   0x00000060   Zero   RW         1715    .bss                c_p.l(libspace.o)
    0x2000073c   0x00000004   PAD
    0x20000740   0x00000000   Zero   RW          325    HEAP                startup_nuc1xx.o
    0x20000740   0x00000400   Zero   RW          324    STACK               startup_nuc1xx.o


==============================================================================

Image component sizes


      Code (inc. data)   RO Data    RW Data    ZI Data      Debug   Object Name

         0          0          0       1520          0        304   ascii_table.o
         0          0          0          0          0         32   core_cm0.o
      2152        254          0         16          0      10836   drvgpio.o
       652         78          0          0         32       3543   drvi2c.o
       400         32          0          0         80       4044   drvspi.o
       636         82         16          8          0     124285   drvsys.o
        92         24          0         12          0       4335   drvuart.o
       568         30          0          0          0       1289   eeprom_24lc64.o
      1100         48          0         16          0     122231   lcd_driver.o
      2742        174          0         24          0     136193   pbd.o
       174          6          4          0          0       1423   scankey.o
       100          4          0         17          0       1817   seven_segment.o
       100         46        192          0       1024        640   startup_nuc1xx.o
       162         30          0         28          0       1618   system_nuc1xx.o

    ----------------------------------------------------------------------
      8886        808        244       1644       1136     412590   Object Totals
         0          0         32          0          0          0   (incl. Generated)
         8          0          0          3          0          2   (incl. Padding)

    ----------------------------------------------------------------------

      Code (inc. data)   RO Data    RW Data    ZI Data      Debug   Library Member Name

         8          0          0          0          0         68   __main.o
       286          0          0          0          0        136   __printf_wp.o
        60          8          0          0          0          0   __scatter.o
        26          0          0          0          0          0   __scatter_copy.o
        28          0          0          0          0          0   __scatter_zi.o
        10          0          0          0          0          0   _printf_c.o
        46          0          0          0          0        100   _printf_char.o
        48          6          0          0          0         88   _printf_char_common.o
        88          4         40          0          0         72   _printf_hex_int.o
       172          0          0          0          0         80   _printf_intcommon.o
         2          0          0          0          0          0   _printf_percent.o
         4          0          0          0          0          0   _printf_percent_end.o
        10          0          0          0          0          0   _printf_s.o
        82          0          0          0          0         72   _printf_str.o
        10          0          0          0          0          0   _printf_x.o
        10          0          0          0          0         60   _sputc.o
       346          0          0          0          0         92   aeabi_sdiv.o
        12          0          0          0          0         60   exit.o
         6          0          0          0          0        136   heapauxi.o
         6          0          0          0          0          0   libinit.o
         2          0          0          0          0          0   libinit2.o
         2          0          0          0          0          0   libshutdown.o
         2          0          0          0          0          0   libshutdown2.o
         8          4          0          0         96         68   libspace.o
        40          4          0          0          0         84   noretval__2sprintf.o
         0          0          0          0          0          0   rtentry.o
        12          0          0          0          0          0   rtentry2.o
         6          0          0          0          0          0   rtentry4.o
         2          0          0          0          0          0   rtexit.o
        10          0          0          0          0          0   rtexit2.o
        12          4          0          0          0         60   sys_exit.o
        62          0          0          0          0         80   sys_stackheap_outer.o
         2          0          0          0          0         68   use_no_semi.o

    ----------------------------------------------------------------------
      1430         30         40          0        100       1324   Library Totals
        10          0          0          0          4          0   (incl. Padding)

    ----------------------------------------------------------------------

      Code (inc. data)   RO Data    RW Data    ZI Data      Debug   Library Name

      1420         30         40          0         96       1324   c_p.l

    ----------------------------------------------------------------------
      1430         30         40          0        100       1324   Library Totals

    ----------------------------------------------------------------------

==============================================================================


      Code (inc. data)   RO Data    RW Data    ZI Data      Debug   

     10316        838        284       1644       1236     410928   Grand Totals
     10316        838        284       1644       1236     410928   ELF Image Totals
     10316        838        284       1644          0          0   ROM Totals

==============================================================================

    Total RO  Size (Code + RO Data)                10600 (  10.35kB)
    Total RW  Size (RW Data + ZI Data)              2880 (   2.81kB)
    Total ROM Size (Code + RO Data + RW Data)      12244 (  11.96kB)

==============================================================================

