ARM Linker, 4.1 [Build 644] [Evaluation]

==============================================================================

Small function inlining results

Inlined function __aeabi_idiv0 from aeabi_idiv0.o at offset 0x154 in aeabi_sdiv.o(.text).
Inlined Instruction: BX       lr
Inlined function __aeabi_idiv0 from aeabi_idiv0.o at offset 0x154 in aeabi_sdiv_div0.o(.text).
Inlined Instruction: BX       lr
Inlined function _platform_pre_stackheap_init from boardinit1.o at offset 0x0 in rtentry2.o(.ARM.Collect$$rtentry$$00000001).
Inlined Instruction: BX       lr
Inlined function _fp_init from fpinit.o at offset 0x2 in libinit.o(.ARM.Collect$$libinit$$00000000).
Inlined Instruction: BX       lr
Inlined function _platform_pre_lib_shutdown from boardshut.o at offset 0x0 in rtexit2.o(.ARM.Collect$$rtexit$$00000001).
Inlined Instruction: BX       lr
Inlined function __ARM_get_argv from no_argv.o at offset 0x2 in argv_veneer.o(.text).
Inlined Instruction: BX       lr
Inlined total of 6 calls.

==============================================================================

Memory Map of the image

  Image Entry point : 0x00000169

  Load Region LR_1 (Base: 0x00000000, Size: 0x00001380, Max: 0xffffffff, ABSOLUTE)

    Execution Region ER_RO (Base: 0x00000000, Size: 0x0000130c, Max: 0xffffffff, ABSOLUTE)

    Base Addr    Size         Type   Attr      Idx    E Section Name        Object

    0x00000000   0x000000c0   Data   RO          308    RESET               startup_nuc1xx.o
    0x000000c0   0x00000008   Code   RO         1588  * !!!main             c_p.l(__main.o)
    0x000000c8   0x0000003c   Code   RO         1755    !!!scatter          c_p.l(__scatter.o)
    0x00000104   0x0000001a   Code   RO         1757    !!handler_copy      c_p.l(__scatter_copy.o)
    0x0000011e   0x00000002   PAD
    0x00000120   0x0000001c   Code   RO         1759    !!handler_zi        c_p.l(__scatter_zi.o)
    0x0000013c   0x00000006   Code   RO         1631    .ARM.Collect$$libinit$$00000000  c_p.l(libinit.o)
    0x00000142   0x00000000   Code   RO         1646    .ARM.Collect$$libinit$$00000006  c_p.l(libinit2.o)
    0x00000142   0x00000000   Code   RO         1648    .ARM.Collect$$libinit$$00000008  c_p.l(libinit2.o)
    0x00000142   0x00000000   Code   RO         1650    .ARM.Collect$$libinit$$0000000A  c_p.l(libinit2.o)
    0x00000142   0x00000000   Code   RO         1653    .ARM.Collect$$libinit$$0000000D  c_p.l(libinit2.o)
    0x00000142   0x00000000   Code   RO         1655    .ARM.Collect$$libinit$$0000000F  c_p.l(libinit2.o)
    0x00000142   0x00000000   Code   RO         1657    .ARM.Collect$$libinit$$00000011  c_p.l(libinit2.o)
    0x00000142   0x00000000   Code   RO         1659    .ARM.Collect$$libinit$$00000013  c_p.l(libinit2.o)
    0x00000142   0x00000000   Code   RO         1661    .ARM.Collect$$libinit$$00000015  c_p.l(libinit2.o)
    0x00000142   0x00000000   Code   RO         1663    .ARM.Collect$$libinit$$00000017  c_p.l(libinit2.o)
    0x00000142   0x00000000   Code   RO         1665    .ARM.Collect$$libinit$$00000019  c_p.l(libinit2.o)
    0x00000142   0x00000000   Code   RO         1667    .ARM.Collect$$libinit$$0000001B  c_p.l(libinit2.o)
    0x00000142   0x00000000   Code   RO         1669    .ARM.Collect$$libinit$$0000001D  c_p.l(libinit2.o)
    0x00000142   0x00000000   Code   RO         1671    .ARM.Collect$$libinit$$0000001F  c_p.l(libinit2.o)
    0x00000142   0x00000000   Code   RO         1673    .ARM.Collect$$libinit$$00000021  c_p.l(libinit2.o)
    0x00000142   0x00000000   Code   RO         1677    .ARM.Collect$$libinit$$00000028  c_p.l(libinit2.o)
    0x00000142   0x00000000   Code   RO         1679    .ARM.Collect$$libinit$$0000002A  c_p.l(libinit2.o)
    0x00000142   0x00000000   Code   RO         1681    .ARM.Collect$$libinit$$0000002C  c_p.l(libinit2.o)
    0x00000142   0x00000000   Code   RO         1683    .ARM.Collect$$libinit$$0000002E  c_p.l(libinit2.o)
    0x00000142   0x00000002   Code   RO         1684    .ARM.Collect$$libinit$$0000002F  c_p.l(libinit2.o)
    0x00000144   0x00000002   Code   RO         1713    .ARM.Collect$$libshutdown$$00000000  c_p.l(libshutdown.o)
    0x00000146   0x00000000   Code   RO         1740    .ARM.Collect$$libshutdown$$00000003  c_p.l(libshutdown2.o)
    0x00000146   0x00000000   Code   RO         1743    .ARM.Collect$$libshutdown$$00000006  c_p.l(libshutdown2.o)
    0x00000146   0x00000000   Code   RO         1746    .ARM.Collect$$libshutdown$$00000009  c_p.l(libshutdown2.o)
    0x00000146   0x00000000   Code   RO         1748    .ARM.Collect$$libshutdown$$0000000B  c_p.l(libshutdown2.o)
    0x00000146   0x00000000   Code   RO         1751    .ARM.Collect$$libshutdown$$0000000E  c_p.l(libshutdown2.o)
    0x00000146   0x00000002   Code   RO         1752    .ARM.Collect$$libshutdown$$0000000F  c_p.l(libshutdown2.o)
    0x00000148   0x00000000   Code   RO         1590    .ARM.Collect$$rtentry$$00000000  c_p.l(rtentry.o)
    0x00000148   0x00000000   Code   RO         1597    .ARM.Collect$$rtentry$$00000002  c_p.l(rtentry2.o)
    0x00000148   0x00000006   Code   RO         1612    .ARM.Collect$$rtentry$$00000004  c_p.l(rtentry4.o)
    0x0000014e   0x00000000   Code   RO         1599    .ARM.Collect$$rtentry$$00000009  c_p.l(rtentry2.o)
    0x0000014e   0x00000004   Code   RO         1600    .ARM.Collect$$rtentry$$0000000A  c_p.l(rtentry2.o)
    0x00000152   0x00000000   Code   RO         1602    .ARM.Collect$$rtentry$$0000000C  c_p.l(rtentry2.o)
    0x00000152   0x00000008   Code   RO         1603    .ARM.Collect$$rtentry$$0000000D  c_p.l(rtentry2.o)
    0x0000015a   0x00000002   Code   RO         1636    .ARM.Collect$$rtexit$$00000000  c_p.l(rtexit.o)
    0x0000015c   0x00000000   Code   RO         1690    .ARM.Collect$$rtexit$$00000002  c_p.l(rtexit2.o)
    0x0000015c   0x00000004   Code   RO         1691    .ARM.Collect$$rtexit$$00000003  c_p.l(rtexit2.o)
    0x00000160   0x00000006   Code   RO         1692    .ARM.Collect$$rtexit$$00000004  c_p.l(rtexit2.o)
    0x00000166   0x00000002   PAD
    0x00000168   0x00000064   Code   RO          309  * .text               startup_nuc1xx.o
    0x000001cc   0x0000015a   Code   RO         1582    .text               c_p.l(aeabi_sdiv.o)
    0x00000326   0x00000006   Code   RO         1586    .text               c_p.l(heapauxi.o)
    0x0000032c   0x0000003e   Code   RO         1616    .text               c_p.l(sys_stackheap_outer.o)
    0x0000036a   0x0000000c   Code   RO         1619    .text               c_p.l(exit.o)
    0x00000376   0x00000002   PAD
    0x00000378   0x00000008   Code   RO         1632    .text               c_p.l(libspace.o)
    0x00000380   0x0000000c   Code   RO         1687    .text               c_p.l(sys_exit.o)
    0x0000038c   0x00000002   Code   RO         1703    .text               c_p.l(use_no_semi.o)
    0x0000038e   0x00000002   PAD
    0x00000390   0x0000002c   Code   RO          670    i.BOD_IRQHandler    drvsys.o
    0x000003bc   0x0000002c   Code   RO         1122    i.DrvGPIO_ClrBit    drvgpio.o
    0x000003e8   0x00000028   Code   RO         1135    i.DrvGPIO_GetBit    drvgpio.o
    0x00000410   0x00000078   Code   RO         1145    i.DrvGPIO_Open      drvgpio.o
    0x00000488   0x0000002c   Code   RO         1146    i.DrvGPIO_SetBit    drvgpio.o
    0x000004b4   0x00000038   Code   RO          702    i.DrvSYS_SelectHCLKSource  drvsys.o
    0x000004ec   0x00000088   Code   RO          707    i.DrvSYS_SetClockDivider  drvsys.o
    0x00000574   0x00000080   Code   RO          710    i.DrvSYS_SetOscCtrl  drvsys.o
    0x000005f4   0x00000024   Code   RO         1152    i.EINT0_IRQHandler  drvgpio.o
    0x00000618   0x00000024   Code   RO         1153    i.EINT1_IRQHandler  drvgpio.o
    0x0000063c   0x00000040   Code   RO         1154    i.GPAB_IRQHandler   drvgpio.o
    0x0000067c   0x00000040   Code   RO         1155    i.GPCDE_IRQHandler  drvgpio.o
    0x000006bc   0x00000078   Code   RO         1446    i.I2C0_IRQHandler   drvi2c.o
    0x00000734   0x00000078   Code   RO         1447    i.I2C1_IRQHandler   drvi2c.o
    0x000007ac   0x00000214   Code   RO           97    i.Initial_pannel    lcd_driver.o
    0x000009c0   0x0000001a   Code   RO          214    i.OpenKeyPad        scankey.o
    0x000009da   0x00000002   PAD
    0x000009dc   0x00000028   Code   RO          718    i.PWRWU_IRQHandler  drvsys.o
    0x00000a04   0x00000064   Code   RO          366    i.SPI0_IRQHandler   drvspi.o
    0x00000a68   0x00000064   Code   RO          367    i.SPI1_IRQHandler   drvspi.o
    0x00000acc   0x00000064   Code   RO          368    i.SPI2_IRQHandler   drvspi.o
    0x00000b30   0x00000064   Code   RO          369    i.SPI3_IRQHandler   drvspi.o
    0x00000b94   0x00000084   Code   RO          215    i.Scankey           scankey.o
    0x00000c18   0x000000f4   Code   RO           98    i.SetPACA           lcd_driver.o
    0x00000d0c   0x00000024   Code   RO          100    i.SysTimerDelay     lcd_driver.o
    0x00000d30   0x000000a0   Code   RO          276    i.SystemCoreClockUpdate  system_nuc1xx.o
    0x00000dd0   0x00000002   Code   RO          277    i.SystemInit        system_nuc1xx.o
    0x00000dd2   0x00000002   PAD
    0x00000dd4   0x0000007c   Code   RO            1    i.TMR0_IRQHandler   pbd.o
    0x00000e50   0x000000b4   Code   RO            2    i.Timer_initial     pbd.o
    0x00000f04   0x0000003c   Code   RO          999    i.UART02_IRQHandler  drvuart.o
    0x00000f40   0x00000020   Code   RO         1000    i.UART1_IRQHandler  drvuart.o
    0x00000f60   0x00000058   Code   RO          101    i.WriteData         lcd_driver.o
    0x00000fb8   0x0000001c   Code   RO           49    i.__ARM_common_switch8  pbd.o
    0x00000fd4   0x00000024   Code   RO          189    i.close_seven_segment  seven_segment.o
    0x00000ff8   0x00000028   Code   RO          102    i.clr_all_pannal    lcd_driver.o
    0x00001020   0x00000010   Code   RO          216    i.delay             scankey.o
    0x00001030   0x00000010   Code   RO            3    i.delay_loop        pbd.o
    0x00001040   0x000001ac   Code   RO            4    i.get_pressed_number  pbd.o
    0x000011ec   0x0000009c   Code   RO            5    i.main              pbd.o
    0x00001288   0x00000020   Code   RO            6    i.next_index        pbd.o
    0x000012a8   0x00000040   Code   RO          190    i.show_seven_segment  seven_segment.o
    0x000012e8   0x00000004   Data   RO          217    .constdata          scankey.o
    0x000012ec   0x00000020   Data   RO         1753    Region$$Table       anon$$obj.o


    Execution Region ER_RW (Base: 0x20000000, Size: 0x00000074, Max: 0xffffffff, ABSOLUTE)

    Base Addr    Size         Type   Attr      Idx    E Section Name        Object

    0x20000000   0x00000010   Data   RW            8    .data               pbd.o
    0x20000010   0x00000010   Data   RW          104    .data               lcd_driver.o
    0x20000020   0x00000011   Data   RW          191    .data               seven_segment.o
    0x20000031   0x00000003   PAD
    0x20000034   0x0000001c   Data   RW          278    .data               system_nuc1xx.o
    0x20000050   0x00000008   Data   RW          720    .data               drvsys.o
    0x20000058   0x0000000c   Data   RW         1001    .data               drvuart.o
    0x20000064   0x00000010   Data   RW         1159    .data               drvgpio.o


    Execution Region ER_ZI (Base: 0x20000074, Size: 0x000004d4, Max: 0xffffffff, ABSOLUTE)

    Base Addr    Size         Type   Attr      Idx    E Section Name        Object

    0x20000074   0x00000050   Zero   RW          370    .bss                drvspi.o
    0x200000c4   0x00000020   Zero   RW         1451    .bss                drvi2c.o
    0x200000e4   0x00000060   Zero   RW         1633    .bss                c_p.l(libspace.o)
    0x20000144   0x00000004   PAD
    0x20000148   0x00000000   Zero   RW          307    HEAP                startup_nuc1xx.o
    0x20000148   0x00000400   Zero   RW          306    STACK               startup_nuc1xx.o


==============================================================================

Image component sizes


      Code (inc. data)   RO Data    RW Data    ZI Data      Debug   Object Name

         0          0          0          0          0         32   core_cm0.o
       448         92          0         16          0       9453   drvgpio.o
       240         16          0          0         32       1896   drvi2c.o
       400         32          0          0         80       4044   drvspi.o
       404         46          0          8          0     123255   drvsys.o
        92         24          0         12          0       4335   drvuart.o
       940         44          0         16          0     120999   lcd_driver.o
       964        106          0         16          0     133384   pbd.o
       174          6          4          0          0       1423   scankey.o
       100          4          0         17          0       1817   seven_segment.o
       100         46        192          0       1024        640   startup_nuc1xx.o
       162         30          0         28          0       1618   system_nuc1xx.o

    ----------------------------------------------------------------------
      4028        446        228        116       1136     402896   Object Totals
         0          0         32          0          0          0   (incl. Generated)
         4          0          0          3          0          0   (incl. Padding)

    ----------------------------------------------------------------------

      Code (inc. data)   RO Data    RW Data    ZI Data      Debug   Library Member Name

         8          0          0          0          0         68   __main.o
        60          8          0          0          0          0   __scatter.o
        26          0          0          0          0          0   __scatter_copy.o
        28          0          0          0          0          0   __scatter_zi.o
       346          0          0          0          0         92   aeabi_sdiv.o
        12          0          0          0          0         60   exit.o
         6          0          0          0          0        136   heapauxi.o
         6          0          0          0          0          0   libinit.o
         2          0          0          0          0          0   libinit2.o
         2          0          0          0          0          0   libshutdown.o
         2          0          0          0          0          0   libshutdown2.o
         8          4          0          0         96         68   libspace.o
         0          0          0          0          0          0   rtentry.o
        12          0          0          0          0          0   rtentry2.o
         6          0          0          0          0          0   rtentry4.o
         2          0          0          0          0          0   rtexit.o
        10          0          0          0          0          0   rtexit2.o
        12          4          0          0          0         60   sys_exit.o
        62          0          0          0          0         80   sys_stackheap_outer.o
         2          0          0          0          0         68   use_no_semi.o

    ----------------------------------------------------------------------
       620         16          0          0        100        632   Library Totals
         8          0          0          0          4          0   (incl. Padding)

    ----------------------------------------------------------------------

      Code (inc. data)   RO Data    RW Data    ZI Data      Debug   Library Name

       612         16          0          0         96        632   c_p.l

    ----------------------------------------------------------------------
       620         16          0          0        100        632   Library Totals

    ----------------------------------------------------------------------

==============================================================================


      Code (inc. data)   RO Data    RW Data    ZI Data      Debug   

      4648        462        228        116       1236     401552   Grand Totals
      4648        462        228        116       1236     401552   ELF Image Totals
      4648        462        228        116          0          0   ROM Totals

==============================================================================

    Total RO  Size (Code + RO Data)                 4876 (   4.76kB)
    Total RW  Size (RW Data + ZI Data)              1352 (   1.32kB)
    Total ROM Size (Code + RO Data + RW Data)       4992 (   4.88kB)

==============================================================================

