ARM Linker, 4.1 [Build 644] [Evaluation]

==============================================================================

Small function inlining results

Inlined function __aeabi_idiv0 from aeabi_idiv0.o at offset 0x154 in aeabi_sdiv.o(.text).
Inlined Instruction: BX       lr
Inlined function __aeabi_idiv0 from aeabi_idiv0.o at offset 0x154 in aeabi_sdiv_div0.o(.text).
Inlined Instruction: BX       lr
Inlined function _platform_pre_stackheap_init from boardinit1.o at offset 0x0 in rtentry2.o(.ARM.Collect$$rtentry$$00000001).
Inlined Instruction: BX       lr
Inlined function _fp_init from fpinit.o at offset 0x2 in libinit.o(.ARM.Collect$$libinit$$00000000).
Inlined Instruction: BX       lr
Inlined function _platform_pre_lib_shutdown from boardshut.o at offset 0x0 in rtexit2.o(.ARM.Collect$$rtexit$$00000001).
Inlined Instruction: BX       lr
Inlined function __ARM_get_argv from no_argv.o at offset 0x2 in argv_veneer.o(.text).
Inlined Instruction: BX       lr
Inlined total of 6 calls.

==============================================================================

Memory Map of the image

  Image Entry point : 0x00000179

  Load Region LR_1 (Base: 0x00000000, Size: 0x00001da4, Max: 0xffffffff, ABSOLUTE)

    Execution Region ER_RO (Base: 0x00000000, Size: 0x00001740, Max: 0xffffffff, ABSOLUTE)

    Base Addr    Size         Type   Attr      Idx    E Section Name        Object

    0x00000000   0x000000c0   Data   RO          308    RESET               startup_nuc1xx.o
    0x000000c0   0x00000008   Code   RO         1618  * !!!main             c_p.l(__main.o)
    0x000000c8   0x0000003c   Code   RO         1796    !!!scatter          c_p.l(__scatter.o)
    0x00000104   0x0000001a   Code   RO         1798    !!handler_copy      c_p.l(__scatter_copy.o)
    0x0000011e   0x00000002   PAD
    0x00000120   0x0000001c   Code   RO         1800    !!handler_zi        c_p.l(__scatter_zi.o)
    0x0000013c   0x00000002   Code   RO         1611    .ARM.Collect$$_printf_percent$$00000000  c_p.l(_printf_percent.o)
    0x0000013e   0x0000000a   Code   RO         1610    .ARM.Collect$$_printf_percent$$00000009  c_p.l(_printf_d.o)
    0x00000148   0x00000004   Code   RO         1632    .ARM.Collect$$_printf_percent$$00000017  c_p.l(_printf_percent_end.o)
    0x0000014c   0x00000006   Code   RO         1672    .ARM.Collect$$libinit$$00000000  c_p.l(libinit.o)
    0x00000152   0x00000000   Code   RO         1687    .ARM.Collect$$libinit$$00000006  c_p.l(libinit2.o)
    0x00000152   0x00000000   Code   RO         1689    .ARM.Collect$$libinit$$00000008  c_p.l(libinit2.o)
    0x00000152   0x00000000   Code   RO         1691    .ARM.Collect$$libinit$$0000000A  c_p.l(libinit2.o)
    0x00000152   0x00000000   Code   RO         1694    .ARM.Collect$$libinit$$0000000D  c_p.l(libinit2.o)
    0x00000152   0x00000000   Code   RO         1696    .ARM.Collect$$libinit$$0000000F  c_p.l(libinit2.o)
    0x00000152   0x00000000   Code   RO         1698    .ARM.Collect$$libinit$$00000011  c_p.l(libinit2.o)
    0x00000152   0x00000000   Code   RO         1700    .ARM.Collect$$libinit$$00000013  c_p.l(libinit2.o)
    0x00000152   0x00000000   Code   RO         1702    .ARM.Collect$$libinit$$00000015  c_p.l(libinit2.o)
    0x00000152   0x00000000   Code   RO         1704    .ARM.Collect$$libinit$$00000017  c_p.l(libinit2.o)
    0x00000152   0x00000000   Code   RO         1706    .ARM.Collect$$libinit$$00000019  c_p.l(libinit2.o)
    0x00000152   0x00000000   Code   RO         1708    .ARM.Collect$$libinit$$0000001B  c_p.l(libinit2.o)
    0x00000152   0x00000000   Code   RO         1710    .ARM.Collect$$libinit$$0000001D  c_p.l(libinit2.o)
    0x00000152   0x00000000   Code   RO         1712    .ARM.Collect$$libinit$$0000001F  c_p.l(libinit2.o)
    0x00000152   0x00000000   Code   RO         1714    .ARM.Collect$$libinit$$00000021  c_p.l(libinit2.o)
    0x00000152   0x00000000   Code   RO         1718    .ARM.Collect$$libinit$$00000028  c_p.l(libinit2.o)
    0x00000152   0x00000000   Code   RO         1720    .ARM.Collect$$libinit$$0000002A  c_p.l(libinit2.o)
    0x00000152   0x00000000   Code   RO         1722    .ARM.Collect$$libinit$$0000002C  c_p.l(libinit2.o)
    0x00000152   0x00000000   Code   RO         1724    .ARM.Collect$$libinit$$0000002E  c_p.l(libinit2.o)
    0x00000152   0x00000002   Code   RO         1725    .ARM.Collect$$libinit$$0000002F  c_p.l(libinit2.o)
    0x00000154   0x00000002   Code   RO         1754    .ARM.Collect$$libshutdown$$00000000  c_p.l(libshutdown.o)
    0x00000156   0x00000000   Code   RO         1781    .ARM.Collect$$libshutdown$$00000003  c_p.l(libshutdown2.o)
    0x00000156   0x00000000   Code   RO         1784    .ARM.Collect$$libshutdown$$00000006  c_p.l(libshutdown2.o)
    0x00000156   0x00000000   Code   RO         1787    .ARM.Collect$$libshutdown$$00000009  c_p.l(libshutdown2.o)
    0x00000156   0x00000000   Code   RO         1789    .ARM.Collect$$libshutdown$$0000000B  c_p.l(libshutdown2.o)
    0x00000156   0x00000000   Code   RO         1792    .ARM.Collect$$libshutdown$$0000000E  c_p.l(libshutdown2.o)
    0x00000156   0x00000002   Code   RO         1793    .ARM.Collect$$libshutdown$$0000000F  c_p.l(libshutdown2.o)
    0x00000158   0x00000000   Code   RO         1620    .ARM.Collect$$rtentry$$00000000  c_p.l(rtentry.o)
    0x00000158   0x00000000   Code   RO         1636    .ARM.Collect$$rtentry$$00000002  c_p.l(rtentry2.o)
    0x00000158   0x00000006   Code   RO         1651    .ARM.Collect$$rtentry$$00000004  c_p.l(rtentry4.o)
    0x0000015e   0x00000000   Code   RO         1638    .ARM.Collect$$rtentry$$00000009  c_p.l(rtentry2.o)
    0x0000015e   0x00000004   Code   RO         1639    .ARM.Collect$$rtentry$$0000000A  c_p.l(rtentry2.o)
    0x00000162   0x00000000   Code   RO         1641    .ARM.Collect$$rtentry$$0000000C  c_p.l(rtentry2.o)
    0x00000162   0x00000008   Code   RO         1642    .ARM.Collect$$rtentry$$0000000D  c_p.l(rtentry2.o)
    0x0000016a   0x00000002   Code   RO         1677    .ARM.Collect$$rtexit$$00000000  c_p.l(rtexit.o)
    0x0000016c   0x00000000   Code   RO         1731    .ARM.Collect$$rtexit$$00000002  c_p.l(rtexit2.o)
    0x0000016c   0x00000004   Code   RO         1732    .ARM.Collect$$rtexit$$00000003  c_p.l(rtexit2.o)
    0x00000170   0x00000006   Code   RO         1733    .ARM.Collect$$rtexit$$00000004  c_p.l(rtexit2.o)
    0x00000176   0x00000002   PAD
    0x00000178   0x00000064   Code   RO          309  * .text               startup_nuc1xx.o
    0x000001dc   0x00000028   Code   RO         1584    .text               c_p.l(noretval__2sprintf.o)
    0x00000204   0x0000006c   Code   RO         1588    .text               c_p.l(_printf_dec.o)
    0x00000270   0x00000110   Code   RO         1598    .text               c_p.l(__printf_wp.o)
    0x00000380   0x0000015a   Code   RO         1612    .text               c_p.l(aeabi_sdiv.o)
    0x000004da   0x00000006   Code   RO         1616    .text               c_p.l(heapauxi.o)
    0x000004e0   0x000000ac   Code   RO         1626    .text               c_p.l(_printf_intcommon.o)
    0x0000058c   0x00000030   Code   RO         1628    .text               c_p.l(_printf_char_common.o)
    0x000005bc   0x0000000a   Code   RO         1630    .text               c_p.l(_sputc.o)
    0x000005c6   0x00000028   Code   RO         1633    .text               c_p.l(rtudiv10.o)
    0x000005ee   0x0000003e   Code   RO         1657    .text               c_p.l(sys_stackheap_outer.o)
    0x0000062c   0x0000000c   Code   RO         1660    .text               c_p.l(exit.o)
    0x00000638   0x00000008   Code   RO         1673    .text               c_p.l(libspace.o)
    0x00000640   0x0000000c   Code   RO         1728    .text               c_p.l(sys_exit.o)
    0x0000064c   0x00000002   Code   RO         1744    .text               c_p.l(use_no_semi.o)
    0x0000064e   0x00000002   PAD
    0x00000650   0x0000002c   Code   RO          670    i.BOD_IRQHandler    drvsys.o
    0x0000067c   0x0000002c   Code   RO         1122    i.DrvGPIO_ClrBit    drvgpio.o
    0x000006a8   0x00000028   Code   RO         1135    i.DrvGPIO_GetBit    drvgpio.o
    0x000006d0   0x00000078   Code   RO         1145    i.DrvGPIO_Open      drvgpio.o
    0x00000748   0x0000002c   Code   RO         1146    i.DrvGPIO_SetBit    drvgpio.o
    0x00000774   0x00000038   Code   RO          702    i.DrvSYS_SelectHCLKSource  drvsys.o
    0x000007ac   0x00000088   Code   RO          707    i.DrvSYS_SetClockDivider  drvsys.o
    0x00000834   0x00000080   Code   RO          710    i.DrvSYS_SetOscCtrl  drvsys.o
    0x000008b4   0x00000024   Code   RO         1152    i.EINT0_IRQHandler  drvgpio.o
    0x000008d8   0x00000024   Code   RO         1153    i.EINT1_IRQHandler  drvgpio.o
    0x000008fc   0x00000040   Code   RO         1154    i.GPAB_IRQHandler   drvgpio.o
    0x0000093c   0x00000040   Code   RO         1155    i.GPCDE_IRQHandler  drvgpio.o
    0x0000097c   0x00000078   Code   RO         1446    i.I2C0_IRQHandler   drvi2c.o
    0x000009f4   0x00000078   Code   RO         1447    i.I2C1_IRQHandler   drvi2c.o
    0x00000a6c   0x00000214   Code   RO           97    i.Initial_pannel    lcd_driver.o
    0x00000c80   0x0000001a   Code   RO          214    i.OpenKeyPad        scankey.o
    0x00000c9a   0x00000002   PAD
    0x00000c9c   0x00000028   Code   RO          718    i.PWRWU_IRQHandler  drvsys.o
    0x00000cc4   0x00000064   Code   RO          366    i.SPI0_IRQHandler   drvspi.o
    0x00000d28   0x00000064   Code   RO          367    i.SPI1_IRQHandler   drvspi.o
    0x00000d8c   0x00000064   Code   RO          368    i.SPI2_IRQHandler   drvspi.o
    0x00000df0   0x00000064   Code   RO          369    i.SPI3_IRQHandler   drvspi.o
    0x00000e54   0x00000084   Code   RO          215    i.Scankey           scankey.o
    0x00000ed8   0x000000f4   Code   RO           98    i.SetPACA           lcd_driver.o
    0x00000fcc   0x00000078   Code   RO           99    i.Show_Word         lcd_driver.o
    0x00001044   0x00000024   Code   RO          100    i.SysTimerDelay     lcd_driver.o
    0x00001068   0x000000a0   Code   RO          276    i.SystemCoreClockUpdate  system_nuc1xx.o
    0x00001108   0x00000002   Code   RO          277    i.SystemInit        system_nuc1xx.o
    0x0000110a   0x00000002   PAD
    0x0000110c   0x0000007c   Code   RO            1    i.TMR0_IRQHandler   pbd.o
    0x00001188   0x000000b4   Code   RO            2    i.Timer_initial     pbd.o
    0x0000123c   0x0000003c   Code   RO          999    i.UART02_IRQHandler  drvuart.o
    0x00001278   0x00000020   Code   RO         1000    i.UART1_IRQHandler  drvuart.o
    0x00001298   0x00000058   Code   RO          101    i.WriteData         lcd_driver.o
    0x000012f0   0x0000001c   Code   RO           49    i.__ARM_common_switch8  pbd.o
    0x0000130c   0x0000000e   Code   RO         1600    i._is_digit         c_p.l(__printf_wp.o)
    0x0000131a   0x00000024   Code   RO          189    i.close_seven_segment  seven_segment.o
    0x0000133e   0x00000028   Code   RO          102    i.clr_all_pannal    lcd_driver.o
    0x00001366   0x00000010   Code   RO          216    i.delay             scankey.o
    0x00001376   0x00000010   Code   RO            3    i.delay_loop        pbd.o
    0x00001386   0x00000002   PAD
    0x00001388   0x000000a4   Code   RO            4    i.main              pbd.o
    0x0000142c   0x00000028   Code   RO            5    i.next_position     pbd.o
    0x00001454   0x00000030   Code   RO            6    i.prev_position     pbd.o
    0x00001484   0x00000028   Code   RO          103    i.print_lcd         lcd_driver.o
    0x000014ac   0x00000230   Code   RO            7    i.scan_key          pbd.o
    0x000016dc   0x00000040   Code   RO          190    i.show_seven_segment  seven_segment.o
    0x0000171c   0x00000004   Data   RO          217    .constdata          scankey.o
    0x00001720   0x00000020   Data   RO         1794    Region$$Table       anon$$obj.o


    Execution Region ER_RW (Base: 0x20000000, Size: 0x00000664, Max: 0xffffffff, ABSOLUTE)

    Base Addr    Size         Type   Attr      Idx    E Section Name        Object

    0x20000000   0x00000010   Data   RW            8    .data               pbd.o
    0x20000010   0x00000010   Data   RW          104    .data               lcd_driver.o
    0x20000020   0x000005f0   Data   RW          182    .data               ascii_table.o
    0x20000610   0x00000011   Data   RW          191    .data               seven_segment.o
    0x20000621   0x00000003   PAD
    0x20000624   0x0000001c   Data   RW          278    .data               system_nuc1xx.o
    0x20000640   0x00000008   Data   RW          720    .data               drvsys.o
    0x20000648   0x0000000c   Data   RW         1001    .data               drvuart.o
    0x20000654   0x00000010   Data   RW         1159    .data               drvgpio.o


    Execution Region ER_ZI (Base: 0x20000664, Size: 0x000004d4, Max: 0xffffffff, ABSOLUTE)

    Base Addr    Size         Type   Attr      Idx    E Section Name        Object

    0x20000664   0x00000050   Zero   RW          370    .bss                drvspi.o
    0x200006b4   0x00000020   Zero   RW         1451    .bss                drvi2c.o
    0x200006d4   0x00000060   Zero   RW         1674    .bss                c_p.l(libspace.o)
    0x20000734   0x00000004   PAD
    0x20000738   0x00000000   Zero   RW          307    HEAP                startup_nuc1xx.o
    0x20000738   0x00000400   Zero   RW          306    STACK               startup_nuc1xx.o


==============================================================================

Image component sizes


      Code (inc. data)   RO Data    RW Data    ZI Data      Debug   Object Name

         0          0          0       1520          0        304   ascii_table.o
         0          0          0          0          0         32   core_cm0.o
       448         92          0         16          0       9453   drvgpio.o
       240         16          0          0         32       1896   drvi2c.o
       400         32          0          0         80       4044   drvspi.o
       404         46          0          8          0     123255   drvsys.o
        92         24          0         12          0       4335   drvuart.o
      1100         48          0         16          0     122231   lcd_driver.o
      1160        116          0         16          0     133813   pbd.o
       174          6          4          0          0       1423   scankey.o
       100          4          0         17          0       1817   seven_segment.o
       100         46        192          0       1024        640   startup_nuc1xx.o
       162         30          0         28          0       1618   system_nuc1xx.o

    ----------------------------------------------------------------------
      4386        460        228       1636       1136     404861   Object Totals
         0          0         32          0          0          0   (incl. Generated)
         6          0          0          3          0          3   (incl. Padding)

    ----------------------------------------------------------------------

      Code (inc. data)   RO Data    RW Data    ZI Data      Debug   Library Member Name

         8          0          0          0          0         68   __main.o
       286          0          0          0          0        136   __printf_wp.o
        60          8          0          0          0          0   __scatter.o
        26          0          0          0          0          0   __scatter_copy.o
        28          0          0          0          0          0   __scatter_zi.o
        48          6          0          0          0         88   _printf_char_common.o
        10          0          0          0          0          0   _printf_d.o
       108         18          0          0          0         76   _printf_dec.o
       172          0          0          0          0         80   _printf_intcommon.o
         2          0          0          0          0          0   _printf_percent.o
         4          0          0          0          0          0   _printf_percent_end.o
        10          0          0          0          0         60   _sputc.o
       346          0          0          0          0         92   aeabi_sdiv.o
        12          0          0          0          0         60   exit.o
         6          0          0          0          0        136   heapauxi.o
         6          0          0          0          0          0   libinit.o
         2          0          0          0          0          0   libinit2.o
         2          0          0          0          0          0   libshutdown.o
         2          0          0          0          0          0   libshutdown2.o
         8          4          0          0         96         68   libspace.o
        40          4          0          0          0         84   noretval__2sprintf.o
         0          0          0          0          0          0   rtentry.o
        12          0          0          0          0          0   rtentry2.o
         6          0          0          0          0          0   rtentry4.o
         2          0          0          0          0          0   rtexit.o
        10          0          0          0          0          0   rtexit2.o
        40          0          0          0          0         60   rtudiv10.o
        12          4          0          0          0         60   sys_exit.o
        62          0          0          0          0         80   sys_stackheap_outer.o
         2          0          0          0          0         68   use_no_semi.o

    ----------------------------------------------------------------------
      1338         44          0          0        100       1216   Library Totals
         6          0          0          0          4          0   (incl. Padding)

    ----------------------------------------------------------------------

      Code (inc. data)   RO Data    RW Data    ZI Data      Debug   Library Name

      1332         44          0          0         96       1216   c_p.l

    ----------------------------------------------------------------------
      1338         44          0          0        100       1216   Library Totals

    ----------------------------------------------------------------------

==============================================================================


      Code (inc. data)   RO Data    RW Data    ZI Data      Debug   

      5724        504        228       1636       1236     403620   Grand Totals
      5724        504        228       1636       1236     403620   ELF Image Totals
      5724        504        228       1636          0          0   ROM Totals

==============================================================================

    Total RO  Size (Code + RO Data)                 5952 (   5.81kB)
    Total RW  Size (RW Data + ZI Data)              2872 (   2.80kB)
    Total ROM Size (Code + RO Data + RW Data)       7588 (   7.41kB)

==============================================================================

