<html>
<body>
<pre>
<h1>µVision Build Log</h1>
<h2>Project:</h2>
C:\Users\ize\Desktop\pbd\PBD.uvproj
Project File Date:  12/05/2013

<h2>Output:</h2>
Build target 'PBD'
compiling pbd.c...
pbd.c(87): warning:  #223-D: function "Read_24LC64" declared implicitly
pbd.c(84): warning:  #177-D: variable "i" was declared but never referenced
pbd.c(271): warning:  #223-D: function "Read_24LC64" declared implicitly
pbd.c(276): warning:  #223-D: function "Write_24LC64" declared implicitly
pbd.c(280): warning:  #223-D: function "Write_24LC64" declared implicitly
pbd.c(269): warning:  #177-D: variable "value" was declared but never referenced
pbd.c(287): warning:  #223-D: function "Write_24LC64" declared implicitly
pbd.c(539): warning:  #177-D: variable "temp" was declared but never referenced
linking...
Program Size: Code=10312 RO-data=284 RW-data=1644 ZI-data=1236  
User command #1: fromelf --bin ".\obj\PBD.axf" --output ".\obj\PBD.bin"
User command #2: fromelf --text -c ".\obj\PBD.axf" --output ".\obj\PBD.txt"
".\obj\PBD.axf" - 0 Error(s), 8 Warning(s).
Load "C:\\Users\\ize\\Desktop\\pbd\\obj\\PBD.AXF" 
Build target 'PBD'
linking...
Program Size: Code=10312 RO-data=284 RW-data=1644 ZI-data=1236  
User command #1: fromelf --bin ".\obj\PBD.axf" --output ".\obj\PBD.bin"
User command #2: fromelf --text -c ".\obj\PBD.axf" --output ".\obj\PBD.txt"
".\obj\PBD.axf" - 0 Error(s), 0 Warning(s).
Load "C:\\Users\\ize\\Desktop\\pbd\\obj\\PBD.AXF" 
Build target 'PBD'
compiling pbd.c...
pbd.c(87): warning:  #223-D: function "Read_24LC64" declared implicitly
pbd.c(84): warning:  #177-D: variable "i" was declared but never referenced
pbd.c(271): warning:  #223-D: function "Read_24LC64" declared implicitly
pbd.c(276): warning:  #223-D: function "Write_24LC64" declared implicitly
pbd.c(280): warning:  #223-D: function "Write_24LC64" declared implicitly
pbd.c(269): warning:  #177-D: variable "value" was declared but never referenced
pbd.c(287): warning:  #223-D: function "Write_24LC64" declared implicitly
pbd.c(539): warning:  #177-D: variable "temp" was declared but never referenced
linking...
Program Size: Code=10312 RO-data=284 RW-data=1644 ZI-data=1236  
User command #1: fromelf --bin ".\obj\PBD.axf" --output ".\obj\PBD.bin"
User command #2: fromelf --text -c ".\obj\PBD.axf" --output ".\obj\PBD.txt"
".\obj\PBD.axf" - 0 Error(s), 8 Warning(s).
Load "C:\\Users\\ize\\Desktop\\pbd\\obj\\PBD.AXF" 
Build target 'PBD'
compiling pbd.c...
pbd.c(87): warning:  #223-D: function "Read_24LC64" declared implicitly
pbd.c(84): warning:  #177-D: variable "i" was declared but never referenced
pbd.c(271): warning:  #223-D: function "Read_24LC64" declared implicitly
pbd.c(276): warning:  #223-D: function "Write_24LC64" declared implicitly
pbd.c(280): warning:  #223-D: function "Write_24LC64" declared implicitly
pbd.c(269): warning:  #177-D: variable "value" was declared but never referenced
pbd.c(287): warning:  #223-D: function "Write_24LC64" declared implicitly
pbd.c(539): warning:  #177-D: variable "temp" was declared but never referenced
linking...
Program Size: Code=10316 RO-data=284 RW-data=1644 ZI-data=1236  
User command #1: fromelf --bin ".\obj\PBD.axf" --output ".\obj\PBD.bin"
User command #2: fromelf --text -c ".\obj\PBD.axf" --output ".\obj\PBD.txt"
".\obj\PBD.axf" - 0 Error(s), 8 Warning(s).
Load "C:\\Users\\ize\\Desktop\\pbd\\obj\\PBD.AXF" 
Build target 'PBD'
compiling pbd.c...
pbd.c(87): warning:  #223-D: function "Read_24LC64" declared implicitly
pbd.c(84): warning:  #177-D: variable "i" was declared but never referenced
pbd.c(271): warning:  #223-D: function "Read_24LC64" declared implicitly
pbd.c(276): warning:  #223-D: function "Write_24LC64" declared implicitly
pbd.c(280): warning:  #223-D: function "Write_24LC64" declared implicitly
pbd.c(269): warning:  #177-D: variable "value" was declared but never referenced
pbd.c(287): warning:  #223-D: function "Write_24LC64" declared implicitly
pbd.c(539): warning:  #177-D: variable "temp" was declared but never referenced
linking...
Program Size: Code=10312 RO-data=284 RW-data=1644 ZI-data=1236  
User command #1: fromelf --bin ".\obj\PBD.axf" --output ".\obj\PBD.bin"
User command #2: fromelf --text -c ".\obj\PBD.axf" --output ".\obj\PBD.txt"
".\obj\PBD.axf" - 0 Error(s), 8 Warning(s).
Load "C:\\Users\\ize\\Desktop\\pbd\\obj\\PBD.AXF" 
Build target 'PBD'
compiling pbd.c...
pbd.c(87): warning:  #223-D: function "Read_24LC64" declared implicitly
pbd.c(84): warning:  #177-D: variable "i" was declared but never referenced
pbd.c(271): warning:  #223-D: function "Read_24LC64" declared implicitly
pbd.c(276): warning:  #223-D: function "Write_24LC64" declared implicitly
pbd.c(280): warning:  #223-D: function "Write_24LC64" declared implicitly
pbd.c(269): warning:  #177-D: variable "value" was declared but never referenced
pbd.c(287): warning:  #223-D: function "Write_24LC64" declared implicitly
pbd.c(539): warning:  #177-D: variable "temp" was declared but never referenced
linking...
Program Size: Code=10312 RO-data=284 RW-data=1644 ZI-data=1236  
User command #1: fromelf --bin ".\obj\PBD.axf" --output ".\obj\PBD.bin"
User command #2: fromelf --text -c ".\obj\PBD.axf" --output ".\obj\PBD.txt"
".\obj\PBD.axf" - 0 Error(s), 8 Warning(s).
Load "C:\\Users\\ize\\Desktop\\pbd\\obj\\PBD.AXF" 
Build target 'PBD'
compiling pbd.c...
pbd.c(87): warning:  #223-D: function "Read_24LC64" declared implicitly
pbd.c(84): warning:  #177-D: variable "i" was declared but never referenced
pbd.c(271): warning:  #223-D: function "Read_24LC64" declared implicitly
pbd.c(276): warning:  #223-D: function "Write_24LC64" declared implicitly
pbd.c(280): warning:  #223-D: function "Write_24LC64" declared implicitly
pbd.c(269): warning:  #177-D: variable "value" was declared but never referenced
pbd.c(287): warning:  #223-D: function "Write_24LC64" declared implicitly
pbd.c(539): warning:  #177-D: variable "temp" was declared but never referenced
linking...
Program Size: Code=10312 RO-data=284 RW-data=1644 ZI-data=1236  
User command #1: fromelf --bin ".\obj\PBD.axf" --output ".\obj\PBD.bin"
User command #2: fromelf --text -c ".\obj\PBD.axf" --output ".\obj\PBD.txt"
".\obj\PBD.axf" - 0 Error(s), 8 Warning(s).
Load "C:\\Users\\ize\\Desktop\\pbd\\obj\\PBD.AXF" 
Build target 'PBD'
compiling pbd.c...
pbd.c(87): warning:  #223-D: function "Read_24LC64" declared implicitly
pbd.c(84): warning:  #177-D: variable "i" was declared but never referenced
pbd.c(271): warning:  #223-D: function "Read_24LC64" declared implicitly
pbd.c(276): warning:  #223-D: function "Write_24LC64" declared implicitly
pbd.c(280): warning:  #223-D: function "Write_24LC64" declared implicitly
pbd.c(269): warning:  #177-D: variable "value" was declared but never referenced
pbd.c(287): warning:  #223-D: function "Write_24LC64" declared implicitly
pbd.c(539): warning:  #177-D: variable "temp" was declared but never referenced
linking...
Program Size: Code=10316 RO-data=284 RW-data=1644 ZI-data=1236  
User command #1: fromelf --bin ".\obj\PBD.axf" --output ".\obj\PBD.bin"
User command #2: fromelf --text -c ".\obj\PBD.axf" --output ".\obj\PBD.txt"
".\obj\PBD.axf" - 0 Error(s), 8 Warning(s).
Load "C:\\Users\\ize\\Desktop\\pbd\\obj\\PBD.AXF" 
Build target 'PBD'
compiling pbd.c...
pbd.c(87): warning:  #223-D: function "Read_24LC64" declared implicitly
pbd.c(84): warning:  #177-D: variable "i" was declared but never referenced
pbd.c(271): warning:  #223-D: function "Read_24LC64" declared implicitly
pbd.c(276): warning:  #223-D: function "Write_24LC64" declared implicitly
pbd.c(280): warning:  #223-D: function "Write_24LC64" declared implicitly
pbd.c(269): warning:  #177-D: variable "value" was declared but never referenced
pbd.c(287): warning:  #223-D: function "Write_24LC64" declared implicitly
pbd.c(538): warning:  #177-D: variable "lcd" was declared but never referenced
pbd.c(539): warning:  #177-D: variable "temp" was declared but never referenced
linking...
Program Size: Code=3964 RO-data=224 RW-data=124 ZI-data=1236  
User command #1: fromelf --bin ".\obj\PBD.axf" --output ".\obj\PBD.bin"
User command #2: fromelf --text -c ".\obj\PBD.axf" --output ".\obj\PBD.txt"
".\obj\PBD.axf" - 0 Error(s), 9 Warning(s).
Load "C:\\Users\\ize\\Desktop\\pbd\\obj\\PBD.AXF" 
Build target 'PBD'
compiling pbd.c...
pbd.c(19): warning:  #186-D: pointless comparison of unsigned integer with zero
pbd.c(87): warning:  #223-D: function "Read_24LC64" declared implicitly
pbd.c(84): warning:  #177-D: variable "i" was declared but never referenced
pbd.c(271): warning:  #223-D: function "Read_24LC64" declared implicitly
pbd.c(276): warning:  #223-D: function "Write_24LC64" declared implicitly
pbd.c(280): warning:  #223-D: function "Write_24LC64" declared implicitly
pbd.c(269): warning:  #177-D: variable "value" was declared but never referenced
pbd.c(287): warning:  #223-D: function "Write_24LC64" declared implicitly
pbd.c(538): warning:  #177-D: variable "lcd" was declared but never referenced
pbd.c(539): warning:  #177-D: variable "temp" was declared but never referenced
linking...
Program Size: Code=3952 RO-data=224 RW-data=124 ZI-data=1236  
User command #1: fromelf --bin ".\obj\PBD.axf" --output ".\obj\PBD.bin"
User command #2: fromelf --text -c ".\obj\PBD.axf" --output ".\obj\PBD.txt"
".\obj\PBD.axf" - 0 Error(s), 10 Warning(s).
Load "C:\\Users\\ize\\Desktop\\pbd\\obj\\PBD.AXF" 
Build target 'PBD'
compiling pbd.c...
pbd.c(87): warning:  #223-D: function "Read_24LC64" declared implicitly
pbd.c(84): warning:  #177-D: variable "i" was declared but never referenced
pbd.c(271): warning:  #223-D: function "Read_24LC64" declared implicitly
pbd.c(276): warning:  #223-D: function "Write_24LC64" declared implicitly
pbd.c(280): warning:  #223-D: function "Write_24LC64" declared implicitly
pbd.c(269): warning:  #177-D: variable "value" was declared but never referenced
pbd.c(287): warning:  #223-D: function "Write_24LC64" declared implicitly
pbd.c(538): warning:  #177-D: variable "lcd" was declared but never referenced
pbd.c(539): warning:  #177-D: variable "temp" was declared but never referenced
linking...
Program Size: Code=3960 RO-data=224 RW-data=124 ZI-data=1236  
User command #1: fromelf --bin ".\obj\PBD.axf" --output ".\obj\PBD.bin"
User command #2: fromelf --text -c ".\obj\PBD.axf" --output ".\obj\PBD.txt"
".\obj\PBD.axf" - 0 Error(s), 9 Warning(s).
Load "C:\\Users\\ize\\Desktop\\pbd\\obj\\PBD.AXF" 
Build target 'PBD'
compiling pbd.c...
pbd.c(87): warning:  #223-D: function "Read_24LC64" declared implicitly
pbd.c(84): warning:  #177-D: variable "i" was declared but never referenced
pbd.c(271): warning:  #223-D: function "Read_24LC64" declared implicitly
pbd.c(276): warning:  #223-D: function "Write_24LC64" declared implicitly
pbd.c(280): warning:  #223-D: function "Write_24LC64" declared implicitly
pbd.c(269): warning:  #177-D: variable "value" was declared but never referenced
pbd.c(287): warning:  #223-D: function "Write_24LC64" declared implicitly
pbd.c(538): warning:  #177-D: variable "lcd" was declared but never referenced
pbd.c(539): warning:  #177-D: variable "temp" was declared but never referenced
linking...
Program Size: Code=3964 RO-data=224 RW-data=124 ZI-data=1236  
User command #1: fromelf --bin ".\obj\PBD.axf" --output ".\obj\PBD.bin"
User command #2: fromelf --text -c ".\obj\PBD.axf" --output ".\obj\PBD.txt"
".\obj\PBD.axf" - 0 Error(s), 9 Warning(s).
Load "C:\\Users\\ize\\Desktop\\pbd\\obj\\PBD.AXF" 
Build target 'PBD'
compiling pbd.c...
pbd.c(87): warning:  #223-D: function "Read_24LC64" declared implicitly
pbd.c(84): warning:  #177-D: variable "i" was declared but never referenced
pbd.c(271): warning:  #223-D: function "Read_24LC64" declared implicitly
pbd.c(276): warning:  #223-D: function "Write_24LC64" declared implicitly
pbd.c(280): warning:  #223-D: function "Write_24LC64" declared implicitly
pbd.c(269): warning:  #177-D: variable "value" was declared but never referenced
pbd.c(287): warning:  #223-D: function "Write_24LC64" declared implicitly
pbd.c(539): warning:  #177-D: variable "temp" was declared but never referenced
linking...
Program Size: Code=10316 RO-data=284 RW-data=1644 ZI-data=1236  
User command #1: fromelf --bin ".\obj\PBD.axf" --output ".\obj\PBD.bin"
User command #2: fromelf --text -c ".\obj\PBD.axf" --output ".\obj\PBD.txt"
".\obj\PBD.axf" - 0 Error(s), 8 Warning(s).
Load "C:\\Users\\ize\\Desktop\\pbd\\obj\\PBD.AXF" 
Build target 'PBD'
compiling pbd.c...
pbd.c(87): warning:  #223-D: function "Read_24LC64" declared implicitly
pbd.c(84): warning:  #177-D: variable "i" was declared but never referenced
pbd.c(271): warning:  #223-D: function "Read_24LC64" declared implicitly
pbd.c(276): warning:  #223-D: function "Write_24LC64" declared implicitly
pbd.c(280): warning:  #223-D: function "Write_24LC64" declared implicitly
pbd.c(269): warning:  #177-D: variable "value" was declared but never referenced
pbd.c(287): warning:  #223-D: function "Write_24LC64" declared implicitly
pbd.c(539): warning:  #177-D: variable "temp" was declared but never referenced
linking...
Program Size: Code=10316 RO-data=284 RW-data=1644 ZI-data=1236  
User command #1: fromelf --bin ".\obj\PBD.axf" --output ".\obj\PBD.bin"
User command #2: fromelf --text -c ".\obj\PBD.axf" --output ".\obj\PBD.txt"
".\obj\PBD.axf" - 0 Error(s), 8 Warning(s).
Load "C:\\Users\\ize\\Desktop\\pbd\\obj\\PBD.AXF" 
Build target 'PBD'
compiling pbd.c...
pbd.c(87): warning:  #223-D: function "Read_24LC64" declared implicitly
pbd.c(84): warning:  #177-D: variable "i" was declared but never referenced
pbd.c(271): warning:  #223-D: function "Read_24LC64" declared implicitly
pbd.c(276): warning:  #223-D: function "Write_24LC64" declared implicitly
pbd.c(280): warning:  #223-D: function "Write_24LC64" declared implicitly
pbd.c(269): warning:  #177-D: variable "value" was declared but never referenced
pbd.c(287): warning:  #223-D: function "Write_24LC64" declared implicitly
pbd.c(539): warning:  #177-D: variable "temp" was declared but never referenced
linking...
Program Size: Code=10316 RO-data=284 RW-data=1644 ZI-data=1236  
User command #1: fromelf --bin ".\obj\PBD.axf" --output ".\obj\PBD.bin"
User command #2: fromelf --text -c ".\obj\PBD.axf" --output ".\obj\PBD.txt"
".\obj\PBD.axf" - 0 Error(s), 8 Warning(s).
Load "C:\\Users\\ize\\Desktop\\pbd\\obj\\PBD.AXF" 
Build target 'PBD'
compiling pbd.c...
pbd.c(87): warning:  #223-D: function "Read_24LC64" declared implicitly
pbd.c(84): warning:  #177-D: variable "i" was declared but never referenced
pbd.c(271): warning:  #223-D: function "Read_24LC64" declared implicitly
pbd.c(276): warning:  #223-D: function "Write_24LC64" declared implicitly
pbd.c(280): warning:  #223-D: function "Write_24LC64" declared implicitly
pbd.c(269): warning:  #177-D: variable "value" was declared but never referenced
pbd.c(287): warning:  #223-D: function "Write_24LC64" declared implicitly
pbd.c(539): warning:  #177-D: variable "temp" was declared but never referenced
linking...
Program Size: Code=10312 RO-data=284 RW-data=1644 ZI-data=1236  
User command #1: fromelf --bin ".\obj\PBD.axf" --output ".\obj\PBD.bin"
User command #2: fromelf --text -c ".\obj\PBD.axf" --output ".\obj\PBD.txt"
".\obj\PBD.axf" - 0 Error(s), 8 Warning(s).
Load "C:\\Users\\ize\\Desktop\\pbd\\obj\\PBD.AXF" 
Build target 'PBD'
compiling pbd.c...
pbd.c(87): warning:  #223-D: function "Read_24LC64" declared implicitly
pbd.c(84): warning:  #177-D: variable "i" was declared but never referenced
pbd.c(271): warning:  #223-D: function "Read_24LC64" declared implicitly
pbd.c(276): warning:  #223-D: function "Write_24LC64" declared implicitly
pbd.c(280): warning:  #223-D: function "Write_24LC64" declared implicitly
pbd.c(269): warning:  #177-D: variable "value" was declared but never referenced
pbd.c(287): warning:  #223-D: function "Write_24LC64" declared implicitly
pbd.c(539): warning:  #177-D: variable "temp" was declared but never referenced
linking...
Program Size: Code=10316 RO-data=284 RW-data=1644 ZI-data=1236  
User command #1: fromelf --bin ".\obj\PBD.axf" --output ".\obj\PBD.bin"
User command #2: fromelf --text -c ".\obj\PBD.axf" --output ".\obj\PBD.txt"
".\obj\PBD.axf" - 0 Error(s), 8 Warning(s).
Load "C:\\Users\\ize\\Desktop\\pbd\\obj\\PBD.AXF" 
Build target 'PBD'
compiling pbd.c...
pbd.c(87): warning:  #223-D: function "Read_24LC64" declared implicitly
pbd.c(84): warning:  #177-D: variable "i" was declared but never referenced
pbd.c(271): warning:  #223-D: function "Read_24LC64" declared implicitly
pbd.c(276): warning:  #223-D: function "Write_24LC64" declared implicitly
pbd.c(280): warning:  #223-D: function "Write_24LC64" declared implicitly
pbd.c(269): warning:  #177-D: variable "value" was declared but never referenced
pbd.c(287): warning:  #223-D: function "Write_24LC64" declared implicitly
pbd.c(539): warning:  #177-D: variable "temp" was declared but never referenced
linking...
Program Size: Code=10316 RO-data=284 RW-data=1644 ZI-data=1236  
User command #1: fromelf --bin ".\obj\PBD.axf" --output ".\obj\PBD.bin"
User command #2: fromelf --text -c ".\obj\PBD.axf" --output ".\obj\PBD.txt"
".\obj\PBD.axf" - 0 Error(s), 8 Warning(s).
Load "C:\\Users\\ize\\Desktop\\pbd\\obj\\PBD.AXF" 
Build target 'PBD'
compiling pbd.c...
pbd.c(87): warning:  #223-D: function "Read_24LC64" declared implicitly
pbd.c(84): warning:  #177-D: variable "i" was declared but never referenced
pbd.c(271): warning:  #223-D: function "Read_24LC64" declared implicitly
pbd.c(276): warning:  #223-D: function "Write_24LC64" declared implicitly
pbd.c(280): warning:  #223-D: function "Write_24LC64" declared implicitly
pbd.c(269): warning:  #177-D: variable "value" was declared but never referenced
pbd.c(287): warning:  #223-D: function "Write_24LC64" declared implicitly
pbd.c(539): warning:  #177-D: variable "temp" was declared but never referenced
linking...
Program Size: Code=10316 RO-data=284 RW-data=1644 ZI-data=1236  
User command #1: fromelf --bin ".\obj\PBD.axf" --output ".\obj\PBD.bin"
User command #2: fromelf --text -c ".\obj\PBD.axf" --output ".\obj\PBD.txt"
".\obj\PBD.axf" - 0 Error(s), 8 Warning(s).
Load "C:\\Users\\ize\\Desktop\\pbd\\obj\\PBD.AXF" 
Load "C:\\Users\\ize\\Desktop\\pbd\\obj\\PBD.AXF" 
Build target 'PBD'
compiling pbd.c...
pbd.c(87): warning:  #223-D: function "Read_24LC64" declared implicitly
pbd.c(84): warning:  #177-D: variable "i" was declared but never referenced
pbd.c(271): warning:  #223-D: function "Read_24LC64" declared implicitly
pbd.c(276): warning:  #223-D: function "Write_24LC64" declared implicitly
pbd.c(280): warning:  #223-D: function "Write_24LC64" declared implicitly
pbd.c(269): warning:  #177-D: variable "value" was declared but never referenced
pbd.c(287): warning:  #223-D: function "Write_24LC64" declared implicitly
pbd.c(539): warning:  #177-D: variable "temp" was declared but never referenced
linking...
Program Size: Code=10316 RO-data=284 RW-data=1644 ZI-data=1236  
User command #1: fromelf --bin ".\obj\PBD.axf" --output ".\obj\PBD.bin"
User command #2: fromelf --text -c ".\obj\PBD.axf" --output ".\obj\PBD.txt"
".\obj\PBD.axf" - 0 Error(s), 8 Warning(s).
Load "C:\\Users\\ize\\Desktop\\pbd\\obj\\PBD.AXF" 
Build target 'PBD'
compiling pbd.c...
pbd.c(87): warning:  #223-D: function "Read_24LC64" declared implicitly
pbd.c(84): warning:  #177-D: variable "i" was declared but never referenced
pbd.c(271): warning:  #223-D: function "Read_24LC64" declared implicitly
pbd.c(276): warning:  #223-D: function "Write_24LC64" declared implicitly
pbd.c(280): warning:  #223-D: function "Write_24LC64" declared implicitly
pbd.c(269): warning:  #177-D: variable "value" was declared but never referenced
pbd.c(287): warning:  #223-D: function "Write_24LC64" declared implicitly
pbd.c(539): warning:  #177-D: variable "temp" was declared but never referenced
linking...
Program Size: Code=10316 RO-data=284 RW-data=1644 ZI-data=1236  
User command #1: fromelf --bin ".\obj\PBD.axf" --output ".\obj\PBD.bin"
User command #2: fromelf --text -c ".\obj\PBD.axf" --output ".\obj\PBD.txt"
".\obj\PBD.axf" - 0 Error(s), 8 Warning(s).
Load "C:\\Users\\ize\\Desktop\\pbd\\obj\\PBD.AXF" 
Build target 'PBD'
compiling pbd.c...
pbd.c(87): warning:  #223-D: function "Read_24LC64" declared implicitly
pbd.c(84): warning:  #177-D: variable "i" was declared but never referenced
pbd.c(271): warning:  #223-D: function "Read_24LC64" declared implicitly
pbd.c(276): warning:  #223-D: function "Write_24LC64" declared implicitly
pbd.c(280): warning:  #223-D: function "Write_24LC64" declared implicitly
pbd.c(269): warning:  #177-D: variable "value" was declared but never referenced
pbd.c(287): warning:  #223-D: function "Write_24LC64" declared implicitly
pbd.c(539): warning:  #177-D: variable "temp" was declared but never referenced
linking...
Program Size: Code=10316 RO-data=284 RW-data=1644 ZI-data=1236  
User command #1: fromelf --bin ".\obj\PBD.axf" --output ".\obj\PBD.bin"
User command #2: fromelf --text -c ".\obj\PBD.axf" --output ".\obj\PBD.txt"
".\obj\PBD.axf" - 0 Error(s), 8 Warning(s).
Load "C:\\Users\\ize\\Desktop\\pbd\\obj\\PBD.AXF" 
Build target 'PBD'
compiling pbd.c...
pbd.c(87): warning:  #223-D: function "Read_24LC64" declared implicitly
pbd.c(84): warning:  #177-D: variable "i" was declared but never referenced
pbd.c(271): warning:  #223-D: function "Read_24LC64" declared implicitly
pbd.c(276): warning:  #223-D: function "Write_24LC64" declared implicitly
pbd.c(280): warning:  #223-D: function "Write_24LC64" declared implicitly
pbd.c(269): warning:  #177-D: variable "value" was declared but never referenced
pbd.c(287): warning:  #223-D: function "Write_24LC64" declared implicitly
pbd.c(539): warning:  #177-D: variable "temp" was declared but never referenced
linking...
Program Size: Code=10316 RO-data=284 RW-data=1644 ZI-data=1236  
User command #1: fromelf --bin ".\obj\PBD.axf" --output ".\obj\PBD.bin"
User command #2: fromelf --text -c ".\obj\PBD.axf" --output ".\obj\PBD.txt"
".\obj\PBD.axf" - 0 Error(s), 8 Warning(s).
Load "C:\\Users\\ize\\Desktop\\pbd\\obj\\PBD.AXF" 
Build target 'PBD'
compiling pbd.c...
pbd.c(87): warning:  #223-D: function "Read_24LC64" declared implicitly
pbd.c(84): warning:  #177-D: variable "i" was declared but never referenced
pbd.c(271): warning:  #223-D: function "Read_24LC64" declared implicitly
pbd.c(276): warning:  #223-D: function "Write_24LC64" declared implicitly
pbd.c(280): warning:  #223-D: function "Write_24LC64" declared implicitly
pbd.c(269): warning:  #177-D: variable "value" was declared but never referenced
pbd.c(287): warning:  #223-D: function "Write_24LC64" declared implicitly
pbd.c(539): warning:  #177-D: variable "temp" was declared but never referenced
linking...
Program Size: Code=10308 RO-data=284 RW-data=1644 ZI-data=1236  
User command #1: fromelf --bin ".\obj\PBD.axf" --output ".\obj\PBD.bin"
User command #2: fromelf --text -c ".\obj\PBD.axf" --output ".\obj\PBD.txt"
".\obj\PBD.axf" - 0 Error(s), 8 Warning(s).
Load "C:\\Users\\ize\\Desktop\\pbd\\obj\\PBD.AXF" 
Build target 'PBD'
compiling pbd.c...
pbd.c(87): warning:  #223-D: function "Read_24LC64" declared implicitly
pbd.c(84): warning:  #177-D: variable "i" was declared but never referenced
pbd.c(271): warning:  #223-D: function "Read_24LC64" declared implicitly
pbd.c(276): warning:  #223-D: function "Write_24LC64" declared implicitly
pbd.c(280): warning:  #223-D: function "Write_24LC64" declared implicitly
pbd.c(269): warning:  #177-D: variable "value" was declared but never referenced
pbd.c(287): warning:  #223-D: function "Write_24LC64" declared implicitly
pbd.c(539): warning:  #177-D: variable "temp" was declared but never referenced
linking...
Program Size: Code=10312 RO-data=284 RW-data=1644 ZI-data=1236  
User command #1: fromelf --bin ".\obj\PBD.axf" --output ".\obj\PBD.bin"
User command #2: fromelf --text -c ".\obj\PBD.axf" --output ".\obj\PBD.txt"
".\obj\PBD.axf" - 0 Error(s), 8 Warning(s).
Load "C:\\Users\\ize\\Desktop\\pbd\\obj\\PBD.AXF" 
Build target 'PBD'
compiling pbd.c...
pbd.c(87): warning:  #223-D: function "Read_24LC64" declared implicitly
pbd.c(84): warning:  #177-D: variable "i" was declared but never referenced
pbd.c(271): warning:  #223-D: function "Read_24LC64" declared implicitly
pbd.c(276): warning:  #223-D: function "Write_24LC64" declared implicitly
pbd.c(280): warning:  #223-D: function "Write_24LC64" declared implicitly
pbd.c(269): warning:  #177-D: variable "value" was declared but never referenced
pbd.c(287): warning:  #223-D: function "Write_24LC64" declared implicitly
pbd.c(539): warning:  #177-D: variable "temp" was declared but never referenced
linking...
Program Size: Code=10316 RO-data=284 RW-data=1644 ZI-data=1236  
User command #1: fromelf --bin ".\obj\PBD.axf" --output ".\obj\PBD.bin"
User command #2: fromelf --text -c ".\obj\PBD.axf" --output ".\obj\PBD.txt"
".\obj\PBD.axf" - 0 Error(s), 8 Warning(s).
Load "C:\\Users\\ize\\Desktop\\pbd\\obj\\PBD.AXF" 
Build target 'PBD'
compiling pbd.c...
pbd.c(87): warning:  #223-D: function "Read_24LC64" declared implicitly
pbd.c(84): warning:  #177-D: variable "i" was declared but never referenced
pbd.c(271): warning:  #223-D: function "Read_24LC64" declared implicitly
pbd.c(276): warning:  #223-D: function "Write_24LC64" declared implicitly
pbd.c(280): warning:  #223-D: function "Write_24LC64" declared implicitly
pbd.c(269): warning:  #177-D: variable "value" was declared but never referenced
pbd.c(287): warning:  #223-D: function "Write_24LC64" declared implicitly
pbd.c(539): warning:  #177-D: variable "temp" was declared but never referenced
linking...
Program Size: Code=10316 RO-data=284 RW-data=1644 ZI-data=1236  
User command #1: fromelf --bin ".\obj\PBD.axf" --output ".\obj\PBD.bin"
User command #2: fromelf --text -c ".\obj\PBD.axf" --output ".\obj\PBD.txt"
".\obj\PBD.axf" - 0 Error(s), 8 Warning(s).
Load "C:\\Users\\ize\\Desktop\\pbd\\obj\\PBD.AXF" 
Build target 'PBD'
compiling pbd.c...
pbd.c(87): warning:  #223-D: function "Read_24LC64" declared implicitly
pbd.c(84): warning:  #177-D: variable "i" was declared but never referenced
pbd.c(271): warning:  #223-D: function "Read_24LC64" declared implicitly
pbd.c(276): warning:  #223-D: function "Write_24LC64" declared implicitly
pbd.c(280): warning:  #223-D: function "Write_24LC64" declared implicitly
pbd.c(269): warning:  #177-D: variable "value" was declared but never referenced
pbd.c(287): warning:  #223-D: function "Write_24LC64" declared implicitly
pbd.c(539): warning:  #177-D: variable "temp" was declared but never referenced
linking...
Program Size: Code=10316 RO-data=284 RW-data=1644 ZI-data=1236  
User command #1: fromelf --bin ".\obj\PBD.axf" --output ".\obj\PBD.bin"
User command #2: fromelf --text -c ".\obj\PBD.axf" --output ".\obj\PBD.txt"
".\obj\PBD.axf" - 0 Error(s), 8 Warning(s).
Load "C:\\Users\\ize\\Desktop\\pbd\\obj\\PBD.AXF" 
Build target 'PBD'
compiling pbd.c...
pbd.c(87): warning:  #223-D: function "Read_24LC64" declared implicitly
pbd.c(84): warning:  #177-D: variable "i" was declared but never referenced
pbd.c(271): warning:  #223-D: function "Read_24LC64" declared implicitly
pbd.c(276): warning:  #223-D: function "Write_24LC64" declared implicitly
pbd.c(280): warning:  #223-D: function "Write_24LC64" declared implicitly
pbd.c(269): warning:  #177-D: variable "value" was declared but never referenced
pbd.c(287): warning:  #223-D: function "Write_24LC64" declared implicitly
pbd.c(539): warning:  #177-D: variable "temp" was declared but never referenced
linking...
Program Size: Code=10320 RO-data=284 RW-data=1644 ZI-data=1236  
User command #1: fromelf --bin ".\obj\PBD.axf" --output ".\obj\PBD.bin"
User command #2: fromelf --text -c ".\obj\PBD.axf" --output ".\obj\PBD.txt"
".\obj\PBD.axf" - 0 Error(s), 8 Warning(s).
Load "C:\\Users\\ize\\Desktop\\pbd\\obj\\PBD.AXF" 
Build target 'PBD'
compiling pbd.c...
pbd.c(87): warning:  #223-D: function "Read_24LC64" declared implicitly
pbd.c(84): warning:  #177-D: variable "i" was declared but never referenced
pbd.c(271): warning:  #223-D: function "Read_24LC64" declared implicitly
pbd.c(276): warning:  #223-D: function "Write_24LC64" declared implicitly
pbd.c(280): warning:  #223-D: function "Write_24LC64" declared implicitly
pbd.c(269): warning:  #177-D: variable "value" was declared but never referenced
pbd.c(287): warning:  #223-D: function "Write_24LC64" declared implicitly
pbd.c(539): warning:  #177-D: variable "temp" was declared but never referenced
linking...
Program Size: Code=10320 RO-data=284 RW-data=1644 ZI-data=1236  
User command #1: fromelf --bin ".\obj\PBD.axf" --output ".\obj\PBD.bin"
User command #2: fromelf --text -c ".\obj\PBD.axf" --output ".\obj\PBD.txt"
".\obj\PBD.axf" - 0 Error(s), 8 Warning(s).
Load "C:\\Users\\ize\\Desktop\\pbd\\obj\\PBD.AXF" 
Build target 'PBD'
compiling pbd.c...
pbd.c(87): warning:  #223-D: function "Read_24LC64" declared implicitly
pbd.c(84): warning:  #177-D: variable "i" was declared but never referenced
pbd.c(271): warning:  #223-D: function "Read_24LC64" declared implicitly
pbd.c(276): warning:  #223-D: function "Write_24LC64" declared implicitly
pbd.c(280): warning:  #223-D: function "Write_24LC64" declared implicitly
pbd.c(269): warning:  #177-D: variable "value" was declared but never referenced
pbd.c(287): warning:  #223-D: function "Write_24LC64" declared implicitly
pbd.c(341): warning:  #223-D: function "print_to_lcd" declared implicitly
pbd.c(348): warning:  #223-D: function "print_to_lcd" declared implicitly
pbd.c(360): warning:  #223-D: function "print_to_lcd" declared implicitly
pbd.c(538): error:  #159: declaration is incompatible with previous "print_to_lcd" (declared at line 341)
pbd.c(541): error:  #20: identifier "lcd" is undefined
pbd.c(542): error:  #20: identifier "i" is undefined
pbd.c(551): warning:  #177-D: variable "lcd" was declared but never referenced
pbd.c(552): warning:  #177-D: variable "temp" was declared but never referenced
Target not created
Build target 'PBD'
compiling pbd.c...
pbd.c(87): warning:  #223-D: function "Read_24LC64" declared implicitly
pbd.c(84): warning:  #177-D: variable "i" was declared but never referenced
pbd.c(271): warning:  #223-D: function "Read_24LC64" declared implicitly
pbd.c(276): warning:  #223-D: function "Write_24LC64" declared implicitly
pbd.c(280): warning:  #223-D: function "Write_24LC64" declared implicitly
pbd.c(269): warning:  #177-D: variable "value" was declared but never referenced
pbd.c(287): warning:  #223-D: function "Write_24LC64" declared implicitly
pbd.c(341): warning:  #223-D: function "print_to_lcd" declared implicitly
pbd.c(348): warning:  #223-D: function "print_to_lcd" declared implicitly
pbd.c(360): warning:  #223-D: function "print_to_lcd" declared implicitly
pbd.c(540): error:  #159: declaration is incompatible with previous "print_to_lcd" (declared at line 341)
pbd.c(544): error:  #20: identifier "i" is undefined
Target not created
Build target 'PBD'
compiling pbd.c...
pbd.c(87): warning:  #223-D: function "Read_24LC64" declared implicitly
pbd.c(84): warning:  #177-D: variable "i" was declared but never referenced
pbd.c(271): warning:  #223-D: function "Read_24LC64" declared implicitly
pbd.c(276): warning:  #223-D: function "Write_24LC64" declared implicitly
pbd.c(280): warning:  #223-D: function "Write_24LC64" declared implicitly
pbd.c(269): warning:  #177-D: variable "value" was declared but never referenced
pbd.c(287): warning:  #223-D: function "Write_24LC64" declared implicitly
pbd.c(341): warning:  #223-D: function "print_to_lcd" declared implicitly
pbd.c(348): warning:  #223-D: function "print_to_lcd" declared implicitly
pbd.c(360): warning:  #223-D: function "print_to_lcd" declared implicitly
pbd.c(540): error:  #159: declaration is incompatible with previous "print_to_lcd" (declared at line 341)
Target not created
Build target 'PBD'
compiling pbd.c...
pbd.c(88): warning:  #223-D: function "Read_24LC64" declared implicitly
pbd.c(85): warning:  #177-D: variable "i" was declared but never referenced
pbd.c(272): warning:  #223-D: function "Read_24LC64" declared implicitly
pbd.c(277): warning:  #223-D: function "Write_24LC64" declared implicitly
pbd.c(281): warning:  #223-D: function "Write_24LC64" declared implicitly
pbd.c(270): warning:  #177-D: variable "value" was declared but never referenced
pbd.c(288): warning:  #223-D: function "Write_24LC64" declared implicitly
linking...
Program Size: Code=10352 RO-data=284 RW-data=1644 ZI-data=1284  
User command #1: fromelf --bin ".\obj\PBD.axf" --output ".\obj\PBD.bin"
User command #2: fromelf --text -c ".\obj\PBD.axf" --output ".\obj\PBD.txt"
".\obj\PBD.axf" - 0 Error(s), 7 Warning(s).
Load "C:\\Users\\ize\\Desktop\\pbd\\obj\\PBD.AXF" 
Build target 'PBD'
compiling pbd.c...
pbd.c(88): warning:  #223-D: function "Read_24LC64" declared implicitly
pbd.c(85): warning:  #177-D: variable "i" was declared but never referenced
pbd.c(272): warning:  #223-D: function "Read_24LC64" declared implicitly
pbd.c(277): warning:  #223-D: function "Write_24LC64" declared implicitly
pbd.c(281): warning:  #223-D: function "Write_24LC64" declared implicitly
pbd.c(270): warning:  #177-D: variable "value" was declared but never referenced
pbd.c(288): warning:  #223-D: function "Write_24LC64" declared implicitly
linking...
Program Size: Code=10352 RO-data=284 RW-data=1644 ZI-data=1284  
User command #1: fromelf --bin ".\obj\PBD.axf" --output ".\obj\PBD.bin"
User command #2: fromelf --text -c ".\obj\PBD.axf" --output ".\obj\PBD.txt"
".\obj\PBD.axf" - 0 Error(s), 7 Warning(s).
Load "C:\\Users\\ize\\Desktop\\pbd\\obj\\PBD.AXF" 
Build target 'PBD'
compiling pbd.c...
pbd.c(88): warning:  #223-D: function "Read_24LC64" declared implicitly
pbd.c(85): warning:  #177-D: variable "i" was declared but never referenced
pbd.c(272): warning:  #223-D: function "Read_24LC64" declared implicitly
pbd.c(277): warning:  #223-D: function "Write_24LC64" declared implicitly
pbd.c(281): warning:  #223-D: function "Write_24LC64" declared implicitly
pbd.c(270): warning:  #177-D: variable "value" was declared but never referenced
pbd.c(288): warning:  #223-D: function "Write_24LC64" declared implicitly
linking...
Program Size: Code=10352 RO-data=284 RW-data=1644 ZI-data=1284  
User command #1: fromelf --bin ".\obj\PBD.axf" --output ".\obj\PBD.bin"
User command #2: fromelf --text -c ".\obj\PBD.axf" --output ".\obj\PBD.txt"
".\obj\PBD.axf" - 0 Error(s), 7 Warning(s).
Load "C:\\Users\\ize\\Desktop\\pbd\\obj\\PBD.AXF" 
Build target 'PBD'
compiling pbd.c...
pbd.c(88): warning:  #223-D: function "Read_24LC64" declared implicitly
pbd.c(85): warning:  #177-D: variable "i" was declared but never referenced
pbd.c(272): warning:  #223-D: function "Read_24LC64" declared implicitly
pbd.c(277): warning:  #223-D: function "Write_24LC64" declared implicitly
pbd.c(281): warning:  #223-D: function "Write_24LC64" declared implicitly
pbd.c(270): warning:  #177-D: variable "value" was declared but never referenced
pbd.c(288): warning:  #223-D: function "Write_24LC64" declared implicitly
linking...
Program Size: Code=10352 RO-data=284 RW-data=1644 ZI-data=1284  
User command #1: fromelf --bin ".\obj\PBD.axf" --output ".\obj\PBD.bin"
User command #2: fromelf --text -c ".\obj\PBD.axf" --output ".\obj\PBD.txt"
".\obj\PBD.axf" - 0 Error(s), 7 Warning(s).
Load "C:\\Users\\ize\\Desktop\\pbd\\obj\\PBD.AXF" 
Load "C:\\Users\\ize\\Desktop\\pbd\\obj\\PBD.AXF" 
Build target 'PBD'
compiling pbd.c...
pbd.c(88): warning:  #223-D: function "Read_24LC64" declared implicitly
pbd.c(85): warning:  #177-D: variable "i" was declared but never referenced
pbd.c(272): warning:  #223-D: function "Read_24LC64" declared implicitly
pbd.c(277): warning:  #223-D: function "Write_24LC64" declared implicitly
pbd.c(281): warning:  #223-D: function "Write_24LC64" declared implicitly
pbd.c(270): warning:  #177-D: variable "value" was declared but never referenced
pbd.c(288): warning:  #223-D: function "Write_24LC64" declared implicitly
linking...
Program Size: Code=10352 RO-data=284 RW-data=1644 ZI-data=1284  
User command #1: fromelf --bin ".\obj\PBD.axf" --output ".\obj\PBD.bin"
User command #2: fromelf --text -c ".\obj\PBD.axf" --output ".\obj\PBD.txt"
".\obj\PBD.axf" - 0 Error(s), 7 Warning(s).
Load "C:\\Users\\ize\\Desktop\\pbd\\obj\\PBD.AXF" 
Build target 'PBD'
compiling pbd.c...
pbd.c(88): warning:  #223-D: function "Read_24LC64" declared implicitly
pbd.c(85): warning:  #177-D: variable "i" was declared but never referenced
pbd.c(272): warning:  #223-D: function "Read_24LC64" declared implicitly
pbd.c(277): warning:  #223-D: function "Write_24LC64" declared implicitly
pbd.c(281): warning:  #223-D: function "Write_24LC64" declared implicitly
pbd.c(270): warning:  #177-D: variable "value" was declared but never referenced
pbd.c(288): warning:  #223-D: function "Write_24LC64" declared implicitly
pbd.c(294): warning:  #140-D: too many arguments in function call
linking...
Program Size: Code=10444 RO-data=284 RW-data=1644 ZI-data=1284  
User command #1: fromelf --bin ".\obj\PBD.axf" --output ".\obj\PBD.bin"
User command #2: fromelf --text -c ".\obj\PBD.axf" --output ".\obj\PBD.txt"
".\obj\PBD.axf" - 0 Error(s), 8 Warning(s).
Build target 'PBD'
compiling pbd.c...
pbd.c(88): warning:  #223-D: function "Read_24LC64" declared implicitly
pbd.c(85): warning:  #177-D: variable "i" was declared but never referenced
pbd.c(272): warning:  #223-D: function "Read_24LC64" declared implicitly
pbd.c(277): warning:  #223-D: function "Write_24LC64" declared implicitly
pbd.c(281): warning:  #223-D: function "Write_24LC64" declared implicitly
pbd.c(270): warning:  #177-D: variable "value" was declared but never referenced
pbd.c(288): warning:  #223-D: function "Write_24LC64" declared implicitly
linking...
Program Size: Code=10432 RO-data=284 RW-data=1644 ZI-data=1284  
User command #1: fromelf --bin ".\obj\PBD.axf" --output ".\obj\PBD.bin"
User command #2: fromelf --text -c ".\obj\PBD.axf" --output ".\obj\PBD.txt"
".\obj\PBD.axf" - 0 Error(s), 7 Warning(s).
Load "C:\\Users\\ize\\Desktop\\pbd\\obj\\PBD.AXF" 
Build target 'PBD'
compiling pbd.c...
pbd.c(88): warning:  #223-D: function "Read_24LC64" declared implicitly
pbd.c(85): warning:  #177-D: variable "i" was declared but never referenced
pbd.c(272): warning:  #223-D: function "Read_24LC64" declared implicitly
pbd.c(277): warning:  #223-D: function "Write_24LC64" declared implicitly
pbd.c(281): warning:  #223-D: function "Write_24LC64" declared implicitly
pbd.c(270): warning:  #177-D: variable "value" was declared but never referenced
pbd.c(288): warning:  #223-D: function "Write_24LC64" declared implicitly
linking...
Program Size: Code=10452 RO-data=284 RW-data=1644 ZI-data=1284  
User command #1: fromelf --bin ".\obj\PBD.axf" --output ".\obj\PBD.bin"
User command #2: fromelf --text -c ".\obj\PBD.axf" --output ".\obj\PBD.txt"
".\obj\PBD.axf" - 0 Error(s), 7 Warning(s).
Load "C:\\Users\\ize\\Desktop\\pbd\\obj\\PBD.AXF" 
Load "C:\\Users\\ize\\Desktop\\pbd\\obj\\PBD.AXF" 
Build target 'PBD'
compiling pbd.c...
pbd.c(88): warning:  #223-D: function "Read_24LC64" declared implicitly
pbd.c(85): warning:  #177-D: variable "i" was declared but never referenced
pbd.c(272): warning:  #223-D: function "Read_24LC64" declared implicitly
pbd.c(277): warning:  #223-D: function "Write_24LC64" declared implicitly
pbd.c(281): warning:  #223-D: function "Write_24LC64" declared implicitly
pbd.c(270): warning:  #177-D: variable "value" was declared but never referenced
pbd.c(288): warning:  #223-D: function "Write_24LC64" declared implicitly
linking...
Program Size: Code=10440 RO-data=284 RW-data=1644 ZI-data=1284  
User command #1: fromelf --bin ".\obj\PBD.axf" --output ".\obj\PBD.bin"
User command #2: fromelf --text -c ".\obj\PBD.axf" --output ".\obj\PBD.txt"
".\obj\PBD.axf" - 0 Error(s), 7 Warning(s).
Load "C:\\Users\\ize\\Desktop\\pbd\\obj\\PBD.AXF" 
Build target 'PBD'
compiling pbd.c...
pbd.c(88): warning:  #223-D: function "Read_24LC64" declared implicitly
pbd.c(85): warning:  #177-D: variable "i" was declared but never referenced
pbd.c(272): warning:  #223-D: function "Read_24LC64" declared implicitly
pbd.c(277): warning:  #223-D: function "Write_24LC64" declared implicitly
pbd.c(281): warning:  #223-D: function "Write_24LC64" declared implicitly
pbd.c(270): warning:  #177-D: variable "value" was declared but never referenced
pbd.c(288): warning:  #223-D: function "Write_24LC64" declared implicitly
linking...
Program Size: Code=10432 RO-data=284 RW-data=1644 ZI-data=1284  
User command #1: fromelf --bin ".\obj\PBD.axf" --output ".\obj\PBD.bin"
User command #2: fromelf --text -c ".\obj\PBD.axf" --output ".\obj\PBD.txt"
".\obj\PBD.axf" - 0 Error(s), 7 Warning(s).
Load "C:\\Users\\ize\\Desktop\\pbd\\obj\\PBD.AXF" 
Build target 'PBD'
compiling pbd.c...
pbd.c(88): warning:  #223-D: function "Read_24LC64" declared implicitly
pbd.c(85): warning:  #177-D: variable "i" was declared but never referenced
pbd.c(272): warning:  #223-D: function "Read_24LC64" declared implicitly
pbd.c(277): warning:  #223-D: function "Write_24LC64" declared implicitly
pbd.c(281): warning:  #223-D: function "Write_24LC64" declared implicitly
pbd.c(270): warning:  #177-D: variable "value" was declared but never referenced
pbd.c(288): warning:  #223-D: function "Write_24LC64" declared implicitly
linking...
Program Size: Code=10432 RO-data=284 RW-data=1644 ZI-data=1284  
User command #1: fromelf --bin ".\obj\PBD.axf" --output ".\obj\PBD.bin"
User command #2: fromelf --text -c ".\obj\PBD.axf" --output ".\obj\PBD.txt"
".\obj\PBD.axf" - 0 Error(s), 7 Warning(s).
Load "C:\\Users\\ize\\Desktop\\pbd\\obj\\PBD.AXF" 
Load "C:\\Users\\ize\\Desktop\\pbd\\obj\\PBD.AXF" 
Build target 'PBD'
compiling pbd.c...
pbd.c(88): warning:  #223-D: function "Read_24LC64" declared implicitly
pbd.c(85): warning:  #177-D: variable "i" was declared but never referenced
pbd.c(272): warning:  #223-D: function "Read_24LC64" declared implicitly
pbd.c(277): warning:  #223-D: function "Write_24LC64" declared implicitly
pbd.c(281): warning:  #223-D: function "Write_24LC64" declared implicitly
pbd.c(270): warning:  #177-D: variable "value" was declared but never referenced
pbd.c(288): warning:  #223-D: function "Write_24LC64" declared implicitly
linking...
Program Size: Code=10432 RO-data=284 RW-data=1644 ZI-data=1284  
User command #1: fromelf --bin ".\obj\PBD.axf" --output ".\obj\PBD.bin"
User command #2: fromelf --text -c ".\obj\PBD.axf" --output ".\obj\PBD.txt"
".\obj\PBD.axf" - 0 Error(s), 7 Warning(s).
Load "C:\\Users\\ize\\Desktop\\pbd\\obj\\PBD.AXF" 
Build target 'PBD'
compiling pbd.c...
pbd.c(88): warning:  #223-D: function "Read_24LC64" declared implicitly
pbd.c(85): warning:  #177-D: variable "i" was declared but never referenced
pbd.c(273): warning:  #223-D: function "Read_24LC64" declared implicitly
pbd.c(278): warning:  #223-D: function "Write_24LC64" declared implicitly
pbd.c(282): warning:  #223-D: function "Write_24LC64" declared implicitly
pbd.c(271): warning:  #177-D: variable "value" was declared but never referenced
pbd.c(289): warning:  #223-D: function "Write_24LC64" declared implicitly
linking...
Program Size: Code=10436 RO-data=284 RW-data=1644 ZI-data=1284  
User command #1: fromelf --bin ".\obj\PBD.axf" --output ".\obj\PBD.bin"
User command #2: fromelf --text -c ".\obj\PBD.axf" --output ".\obj\PBD.txt"
".\obj\PBD.axf" - 0 Error(s), 7 Warning(s).
Load "C:\\Users\\ize\\Desktop\\pbd\\obj\\PBD.AXF" 
